Component: ARM Compiler 5.06 update 7 (build 960) Tool: armlink [4d3601]

==============================================================================

Section Cross References

    startup_stm32f103xe.o(RESET) refers to startup_stm32f103xe.o(STACK) for __initial_sp
    startup_stm32f103xe.o(RESET) refers to startup_stm32f103xe.o(.text) for Reset_Handler
    startup_stm32f103xe.o(RESET) refers to stm32f1xx_it.o(i.NMI_Handler) for NMI_Handler
    startup_stm32f103xe.o(RESET) refers to stm32f1xx_it.o(i.HardFault_Handler) for HardFault_Handler
    startup_stm32f103xe.o(RESET) refers to stm32f1xx_it.o(i.MemManage_Handler) for MemManage_Handler
    startup_stm32f103xe.o(RESET) refers to stm32f1xx_it.o(i.BusFault_Handler) for BusFault_Handler
    startup_stm32f103xe.o(RESET) refers to stm32f1xx_it.o(i.UsageFault_Handler) for UsageFault_Handler
    startup_stm32f103xe.o(RESET) refers to port.o(.emb_text) for SVC_Handler
    startup_stm32f103xe.o(RESET) refers to stm32f1xx_it.o(i.DebugMon_Handler) for DebugMon_Handler
    startup_stm32f103xe.o(RESET) refers to cmsis_os2.o(i.SysTick_Handler) for SysTick_Handler
    startup_stm32f103xe.o(RESET) refers to stm32f1xx_it.o(i.UART4_IRQHandler) for UART4_IRQHandler
    startup_stm32f103xe.o(RESET) refers to stm32f1xx_it.o(i.TIM7_IRQHandler) for TIM7_IRQHandler
    startup_stm32f103xe.o(RESET) refers to stm32f1xx_it.o(i.DMA2_Channel3_IRQHandler) for DMA2_Channel3_IRQHandler
    startup_stm32f103xe.o(RESET) refers to stm32f1xx_it.o(i.DMA2_Channel4_5_IRQHandler) for DMA2_Channel4_5_IRQHandler
    startup_stm32f103xe.o(.text) refers to system_stm32f1xx.o(i.SystemInit) for SystemInit
    startup_stm32f103xe.o(.text) refers to entry.o(.ARM.Collect$$$$00000000) for __main
    main.o(i.HAL_TIM_PeriodElapsedCallback) refers to stm32f1xx_hal.o(i.HAL_IncTick) for HAL_IncTick
    main.o(i.SystemClock_Config) refers to memseta.o(.text) for __aeabi_memclr4
    main.o(i.SystemClock_Config) refers to stm32f1xx_hal_rcc.o(i.HAL_RCC_OscConfig) for HAL_RCC_OscConfig
    main.o(i.SystemClock_Config) refers to main.o(i.Error_Handler) for Error_Handler
    main.o(i.SystemClock_Config) refers to stm32f1xx_hal_rcc.o(i.HAL_RCC_ClockConfig) for HAL_RCC_ClockConfig
    main.o(i.main) refers to stm32f1xx_hal.o(i.HAL_Init) for HAL_Init
    main.o(i.main) refers to main.o(i.SystemClock_Config) for SystemClock_Config
    main.o(i.main) refers to gpio.o(i.MX_GPIO_Init) for MX_GPIO_Init
    main.o(i.main) refers to dma.o(i.MX_DMA_Init) for MX_DMA_Init
    main.o(i.main) refers to usart.o(i.MX_UART4_Init) for MX_UART4_Init
    main.o(i.main) refers to app_bootloader.o(i.App_bootloader_init) for App_bootloader_init
    main.o(i.main) refers to cmsis_os2.o(i.osKernelInitialize) for osKernelInitialize
    main.o(i.main) refers to freertos.o(i.MX_FREERTOS_Init) for MX_FREERTOS_Init
    main.o(i.main) refers to cmsis_os2.o(i.osKernelStart) for osKernelStart
    main.o(i.main) refers to cmsis_os2.o(i.osDelay) for osDelay
    gpio.o(i.MX_GPIO_Init) refers to stm32f1xx_hal_gpio.o(i.HAL_GPIO_WritePin) for HAL_GPIO_WritePin
    gpio.o(i.MX_GPIO_Init) refers to stm32f1xx_hal_gpio.o(i.HAL_GPIO_Init) for HAL_GPIO_Init
    freertos.o(i.MX_FREERTOS_Init) refers to cmsis_os2.o(i.osThreadNew) for osThreadNew
    freertos.o(i.MX_FREERTOS_Init) refers to freertos.o(.constdata) for defaultTask_attributes
    freertos.o(i.MX_FREERTOS_Init) refers to freertos.o(i.StartDefaultTask) for StartDefaultTask
    freertos.o(i.MX_FREERTOS_Init) refers to freertos.o(.data) for defaultTaskHandle
    freertos.o(i.MX_FREERTOS_Init) refers to freertos.o(i.led) for led
    freertos.o(i.MX_FREERTOS_Init) refers to freertos.o(i.uart_rx) for uart_rx
    freertos.o(i.MX_FREERTOS_Init) refers to freertos.o(i.uart_tx) for uart_tx
    freertos.o(i.StartDefaultTask) refers to cmsis_os2.o(i.osDelay) for osDelay
    freertos.o(i.StartDefaultTask) refers to app_bootloader.o(i.App_bootloader_work) for App_bootloader_work
    freertos.o(i.led) refers to stm32f1xx_hal_gpio.o(i.HAL_GPIO_TogglePin) for HAL_GPIO_TogglePin
    freertos.o(i.led) refers to cmsis_os2.o(i.osDelay) for osDelay
    freertos.o(i.uart_rx) refers to cmsis_os2.o(i.osDelay) for osDelay
    freertos.o(i.uart_tx) refers to cmsis_os2.o(i.osDelay) for osDelay
    freertos.o(.constdata) refers to freertos.o(.conststring) for .conststring
    dma.o(i.MX_DMA_Init) refers to stm32f1xx_hal_cortex.o(i.HAL_NVIC_SetPriority) for HAL_NVIC_SetPriority
    dma.o(i.MX_DMA_Init) refers to stm32f1xx_hal_cortex.o(i.HAL_NVIC_EnableIRQ) for HAL_NVIC_EnableIRQ
    usart.o(i.HAL_UART_MspDeInit) refers to stm32f1xx_hal_gpio.o(i.HAL_GPIO_DeInit) for HAL_GPIO_DeInit
    usart.o(i.HAL_UART_MspDeInit) refers to stm32f1xx_hal_dma.o(i.HAL_DMA_DeInit) for HAL_DMA_DeInit
    usart.o(i.HAL_UART_MspDeInit) refers to stm32f1xx_hal_cortex.o(i.HAL_NVIC_DisableIRQ) for HAL_NVIC_DisableIRQ
[...]
    i.HAL_UART_IRQHandler                    0x080021c0   Section        0  stm32f1xx_hal_uart.o(i.HAL_UART_IRQHandler)
    i.HAL_UART_Init                          0x080024a4   Section        0  stm32f1xx_hal_uart.o(i.HAL_UART_Init)
    i.HAL_UART_MspInit                       0x0800251c   Section        0  usart.o(i.HAL_UART_MspInit)
    i.HAL_UART_RxCpltCallback                0x08002624   Section        0  stm32f1xx_hal_uart.o(i.HAL_UART_RxCpltCallback)
    i.HAL_UART_Transmit                      0x08002626   Section        0  stm32f1xx_hal_uart.o(i.HAL_UART_Transmit)
    i.HAL_UART_TxCpltCallback                0x080026e4   Section        0  stm32f1xx_hal_uart.o(i.HAL_UART_TxCpltCallback)
    i.HardFault_Handler                      0x080026e6   Section        0  stm32f1xx_it.o(i.HardFault_Handler)
    i.Int_bootloader_erase_flash             0x080026ea   Section        0  app_bootloader.o(i.Int_bootloader_erase_flash)
    i.Int_bootloader_jump_to_app             0x08002720   Section        0  int_bootloader.o(i.Int_bootloader_jump_to_app)
    i.Int_bootloader_receive_app             0x08002808   Section        0  int_bootloader.o(i.Int_bootloader_receive_app)
    i.Int_flash_erase                        0x08002854   Section        0  int_bootloader.o(i.Int_flash_erase)
    Int_flash_erase                          0x08002855   Thumb Code   106  int_bootloader.o(i.Int_flash_erase)
    i.Int_flash_write_halfword               0x080028cc   Section        0  int_bootloader.o(i.Int_flash_write_halfword)
    i.Int_flash_write_with_last              0x08002980   Section        0  int_bootloader.o(i.Int_flash_write_with_last)
    Int_flash_write_with_last                0x08002981   Thumb Code    70  int_bootloader.o(i.Int_flash_write_with_last)
    i.Int_flash_write_without_last           0x080029dc   Section        0  int_bootloader.o(i.Int_flash_write_without_last)
    Int_flash_write_without_last             0x080029dd   Thumb Code    66  int_bootloader.o(i.Int_flash_write_without_last)
    i.MX_DMA_Init                            0x08002a30   Section        0  dma.o(i.MX_DMA_Init)
    i.MX_FREERTOS_Init                       0x08002a74   Section        0  freertos.o(i.MX_FREERTOS_Init)
    i.MX_GPIO_Init                           0x08002ae0   Section        0  gpio.o(i.MX_GPIO_Init)
    i.MX_UART4_Init                          0x08002b6c   Section        0  usart.o(i.MX_UART4_Init)
    i.MemManage_Handler                      0x08002ba4   Section        0  stm32f1xx_it.o(i.MemManage_Handler)
    i.NMI_Handler                            0x08002ba8   Section        0  stm32f1xx_it.o(i.NMI_Handler)
    i.RCC_Delay                              0x08002bac   Section        0  stm32f1xx_hal_rcc.o(i.RCC_Delay)
    RCC_Delay                                0x08002bad   Thumb Code    36  stm32f1xx_hal_rcc.o(i.RCC_Delay)
    i.StartDefaultTask                       0x08002bd4   Section        0  freertos.o(i.StartDefaultTask)
    i.SysTick_Handler                        0x08002be4   Section        0  cmsis_os2.o(i.SysTick_Handler)
    i.SystemClock_Config                     0x08002bfa   Section        0  main.o(i.SystemClock_Config)
    i.SystemInit                             0x08002c4a   Section        0  system_stm32f1xx.o(i.SystemInit)
    i.TIM7_IRQHandler                        0x08002c4c   Section        0  stm32f1xx_it.o(i.TIM7_IRQHandler)
    i.TIM_Base_SetConfig                     0x08002c5c   Section        0  stm32f1xx_hal_tim.o(i.TIM_Base_SetConfig)
    i.UART4_IRQHandler                       0x08002d08   Section        0  stm32f1xx_it.o(i.UART4_IRQHandler)
    i.UART_DMAAbortOnError                   0x08002d18   Section        0  stm32f1xx_hal_uart.o(i.UART_DMAAbortOnError)
    UART_DMAAbortOnError                     0x08002d19   Thumb Code    20  stm32f1xx_hal_uart.o(i.UART_DMAAbortOnError)
    i.UART_EndRxTransfer                     0x08002d2c   Section        0  stm32f1xx_hal_uart.o(i.UART_EndRxTransfer)
    UART_EndRxTransfer                       0x08002d2d   Thumb Code   108  stm32f1xx_hal_uart.o(i.UART_EndRxTransfer)
    i.UART_EndTransmit_IT                    0x08002d98   Section        0  stm32f1xx_hal_uart.o(i.UART_EndTransmit_IT)
    UART_EndTransmit_IT                      0x08002d99   Thumb Code    32  stm32f1xx_hal_uart.o(i.UART_EndTransmit_IT)
    i.UART_Receive_IT                        0x08002db8   Section        0  stm32f1xx_hal_uart.o(i.UART_Receive_IT)
    UART_Receive_IT                          0x08002db9   Thumb Code   252  stm32f1xx_hal_uart.o(i.UART_Receive_IT)
    i.UART_SetConfig                         0x08002eb4   Section        0  stm32f1xx_hal_uart.o(i.UART_SetConfig)
    UART_SetConfig                           0x08002eb5   Thumb Code   248  stm32f1xx_hal_uart.o(i.UART_SetConfig)
    i.UART_Start_Receive_IT                  0x08002fb0   Section        0  stm32f1xx_hal_uart.o(i.UART_Start_Receive_IT)
    i.UART_Transmit_IT                       0x08002ff0   Section        0  stm32f1xx_hal_uart.o(i.UART_Transmit_IT)
    UART_Transmit_IT                         0x08002ff1   Thumb Code    96  stm32f1xx_hal_uart.o(i.UART_Transmit_IT)
    i.UART_WaitOnFlagUntilTimeout            0x08003050   Section        0  stm32f1xx_hal_uart.o(i.UART_WaitOnFlagUntilTimeout)
    UART_WaitOnFlagUntilTimeout              0x08003051   Thumb Code   140  stm32f1xx_hal_uart.o(i.UART_WaitOnFlagUntilTimeout)
    i.UsageFault_Handler                     0x080030dc   Section        0  stm32f1xx_it.o(i.UsageFault_Handler)
    i.__0printf$8                            0x080030e0   Section        0  printf8.o(i.__0printf$8)
    i.__NVIC_DisableIRQ                      0x08003100   Section        0  int_bootloader.o(i.__NVIC_DisableIRQ)
    __NVIC_DisableIRQ                        0x08003101   Thumb Code    54  int_bootloader.o(i.__NVIC_DisableIRQ)
    i.__NVIC_GetPriorityGrouping             0x0800313c   Section        0  stm32f1xx_hal_cortex.o(i.__NVIC_GetPriorityGrouping)
    __NVIC_GetPriorityGrouping               0x0800313d   Thumb Code    10  stm32f1xx_hal_cortex.o(i.__NVIC_GetPriorityGrouping)
    i.__NVIC_SetPriority                     0x0800314c   Section        0  stm32f1xx_hal_cortex.o(i.__NVIC_SetPriority)
    __NVIC_SetPriority                       0x0800314d   Thumb Code    32  stm32f1xx_hal_cortex.o(i.__NVIC_SetPriority)
    i.__aeabi_errno_addr                     0x08003174   Section        0  errno.o(i.__aeabi_errno_addr)
    i.__get_IPSR                             0x0800317c   Section        0  cmsis_os2.o(i.__get_IPSR)
    __get_IPSR                               0x0800317d   Thumb Code     6  cmsis_os2.o(i.__get_IPSR)
    i.__scatterload_copy                     0x08003182   Section       14  handlers.o(i.__scatterload_copy)
    i.__scatterload_null                     0x08003190   Section        2  handlers.o(i.__scatterload_null)
    i.__scatterload_zeroinit                 0x08003192   Section       14  handlers.o(i.__scatterload_zeroinit)
    i._printf_core                           0x080031a0   Section        0  printf8.o(i._printf_core)
    _printf_core                             0x080031a1   Thumb Code   984  printf8.o(i._printf_core)
    i._printf_post_padding                   0x080035a4   Section        0  printf8.o(i._printf_post_padding)
    _printf_post_padding                     0x080035a5   Thumb Code    36  printf8.o(i._printf_post_padding)
    i._printf_pre_padding                    0x080035c8   Section        0  printf8.o(i._printf_pre_padding)
    _printf_pre_padding                      0x080035c9   Thumb Code    46  printf8.o(i._printf_pre_padding)
    i.fputc                                  0x080035f8   Section        0  usart.o(i.fputc)
    i.led                                    0x08003614   Section        0  freertos.o(i.led)
    i.main                                   0x08003634   Section        0  main.o(i.main)
    i.osDelay                                0x08003662   Section        0  cmsis_os2.o(i.osDelay)
    i.osKernelInitialize                     0x08003680   Section        0  cmsis_os2.o(i.osKernelInitialize)
    i.osKernelStart                          0x080036ac   Section        0  cmsis_os2.o(i.osKernelStart)
    i.osThreadNew                            0x0800370c   Section        0  cmsis_os2.o(i.osThreadNew)
    i.prvAddCurrentTaskToDelayedList         0x080037c4   Section        0  tasks.o(i.prvAddCurrentTaskToDelayedList)
    prvAddCurrentTaskToDelayedList           0x080037c5   Thumb Code   100  tasks.o(i.prvAddCurrentTaskToDelayedList)
    i.prvAddNewTaskToReadyList               0x08003840   Section        0  tasks.o(i.prvAddNewTaskToReadyList)
    prvAddNewTaskToReadyList                 0x08003841   Thumb Code   154  tasks.o(i.prvAddNewTaskToReadyList)
    i.prvCheckForValidListAndQueue           0x080038f8   Section        0  timers.o(i.prvCheckForValidListAndQueue)
    prvCheckForValidListAndQueue             0x080038f9   Thumb Code    78  timers.o(i.prvCheckForValidListAndQueue)
    i.prvCheckTasksWaitingTermination        0x0800396c   Section        0  tasks.o(i.prvCheckTasksWaitingTermination)
    prvCheckTasksWaitingTermination          0x0800396d   Thumb Code    60  tasks.o(i.prvCheckTasksWaitingTermination)
    i.prvCopyDataFromQueue                   0x080039b4   Section        0  queue.o(i.prvCopyDataFromQueue)
    prvCopyDataFromQueue                     0x080039b5   Thumb Code    42  queue.o(i.prvCopyDataFromQueue)
    i.prvCopyDataToQueue                     0x080039de   Section        0  queue.o(i.prvCopyDataToQueue)
    prvCopyDataToQueue                       0x080039df   Thumb Code   126  queue.o(i.prvCopyDataToQueue)
    i.prvDeleteTCB                           0x08003a5c   Section        0  tasks.o(i.prvDeleteTCB)
    prvDeleteTCB                             0x08003a5d   Thumb Code    80  tasks.o(i.prvDeleteTCB)
    i.prvGetNextExpireTime                   0x08003aac   Section        0  timers.o(i.prvGetNextExpireTime)
    prvGetNextExpireTime                     0x08003aad   Thumb Code    36  timers.o(i.prvGetNextExpireTime)
    i.prvHeapInit                            0x08003ad4   Section        0  heap_4.o(i.prvHeapInit)
    prvHeapInit                              0x08003ad5   Thumb Code    98  heap_4.o(i.prvHeapInit)
    i.prvIdleTask                            0x08003b50   Section        0  tasks.o(i.prvIdleTask)
    prvIdleTask                              0x08003b51   Thumb Code    32  tasks.o(i.prvIdleTask)
    i.prvInitialiseNewQueue                  0x08003b78   Section        0  queue.o(i.prvInitialiseNewQueue)
    prvInitialiseNewQueue                    0x08003b79   Thumb Code    42  queue.o(i.prvInitialiseNewQueue)
    i.prvInitialiseNewTask                   0x08003ba2   Section        0  tasks.o(i.prvInitialiseNewTask)
    prvInitialiseNewTask                     0x08003ba3   Thumb Code   190  tasks.o(i.prvInitialiseNewTask)
    i.prvInitialiseTaskLists                 0x08003c60   Section        0  tasks.o(i.prvInitialiseTaskLists)
    prvInitialiseTaskLists                   0x08003c61   Thumb Code    70  tasks.o(i.prvInitialiseTaskLists)
    i.prvInsertBlockIntoFreeList             0x08003cc8   Section        0  heap_4.o(i.prvInsertBlockIntoFreeList)
    prvInsertBlockIntoFreeList               0x08003cc9   Thumb Code    96  heap_4.o(i.prvInsertBlockIntoFreeList)
    i.prvInsertTimerInActiveList             0x08003d30   Section        0  timers.o(i.prvInsertTimerInActiveList)
    prvInsertTimerInActiveList               0x08003d31   Thumb Code    80  timers.o(i.prvInsertTimerInActiveList)
    i.prvIsQueueEmpty                        0x08003d88   Section        0  queue.o(i.prvIsQueueEmpty)
    prvIsQueueEmpty                          0x08003d89   Thumb Code    26  queue.o(i.prvIsQueueEmpty)
    i.prvIsQueueFull                         0x08003da2   Section        0  queue.o(i.prvIsQueueFull)
    prvIsQueueFull                           0x08003da3   Thumb Code    30  queue.o(i.prvIsQueueFull)
    i.prvProcessExpiredTimer                 0x08003dc0   Section        0  timers.o(i.prvProcessExpiredTimer)
    prvProcessExpiredTimer                   0x08003dc1   Thumb Code   110  timers.o(i.prvProcessExpiredTimer)
    i.prvProcessReceivedCommands             0x08003e34   Section        0  timers.o(i.prvProcessReceivedCommands)
    prvProcessReceivedCommands               0x08003e35   Thumb Code   350  timers.o(i.prvProcessReceivedCommands)
    i.prvProcessTimerOrBlockTask             0x08003f98   Section        0  timers.o(i.prvProcessTimerOrBlockTask)
    prvProcessTimerOrBlockTask               0x08003f99   Thumb Code   102  timers.o(i.prvProcessTimerOrBlockTask)
    i.prvResetNextTaskUnblockTime            0x0800400c   Section        0  tasks.o(i.prvResetNextTaskUnblockTime)
    prvResetNextTaskUnblockTime              0x0800400d   Thumb Code    42  tasks.o(i.prvResetNextTaskUnblockTime)
    i.prvSampleTimeNow                       0x08004040   Section        0  timers.o(i.prvSampleTimeNow)
    prvSampleTimeNow                         0x08004041   Thumb Code    40  timers.o(i.prvSampleTimeNow)
    i.prvSwitchTimerLists                    0x0800406c   Section        0  timers.o(i.prvSwitchTimerLists)
    prvSwitchTimerLists                      0x0800406d   Thumb Code   154  timers.o(i.prvSwitchTimerLists)
    i.prvTaskExitError                       0x08004110   Section        0  port.o(i.prvTaskExitError)
    prvTaskExitError                         0x08004111   Thumb Code    60  port.o(i.prvTaskExitError)
    i.prvTimerTask                           0x08004150   Section        0  timers.o(i.prvTimerTask)
    prvTimerTask                             0x08004151   Thumb Code    26  timers.o(i.prvTimerTask)
    i.prvUnlockQueue                         0x0800416a   Section        0  queue.o(i.prvUnlockQueue)
    prvUnlockQueue                           0x0800416b   Thumb Code   126  queue.o(i.prvUnlockQueue)
    i.pvPortMalloc                           0x080041e8   Section        0  heap_4.o(i.pvPortMalloc)
    i.pxPortInitialiseStack                  0x08004334   Section        0  port.o(i.pxPortInitialiseStack)
    i.uart_rx                                0x08004358   Section        0  freertos.o(i.uart_rx)
    i.uart_tx                                0x08004362   Section        0  freertos.o(i.uart_tx)
    i.uxListRemove                           0x0800436c   Section        0  list.o(i.uxListRemove)
    i.vApplicationGetIdleTaskMemory          0x08004394   Section        0  cmsis_os2.o(i.vApplicationGetIdleTaskMemory)
    i.vApplicationGetTimerTaskMemory         0x080043ac   Section        0  cmsis_os2.o(i.vApplicationGetTimerTaskMemory)
    i.vListInitialise                        0x080043c4   Section        0  list.o(i.vListInitialise)
    i.vListInitialiseItem                    0x080043de   Section        0  list.o(i.vListInitialiseItem)
    i.vListInsert                            0x080043e4   Section        0  list.o(i.vListInsert)
    i.vListInsertEnd                         0x08004418   Section        0  list.o(i.vListInsertEnd)
    i.vPortEnterCritical                     0x08004430   Section        0  port.o(i.vPortEnterCritical)
    i.vPortExitCritical                      0x08004484   Section        0  port.o(i.vPortExitCritical)
    i.vPortFree                              0x080044c0   Section        0  heap_4.o(i.vPortFree)
    i.vPortSetupTimerInterrupt               0x08004564   Section        0  port.o(i.vPortSetupTimerInterrupt)
    i.vPortValidateInterruptPriority         0x0800458c   Section        0  port.o(i.vPortValidateInterruptPriority)
    i.vQueueAddToRegistry                    0x08004604   Section        0  queue.o(i.vQueueAddToRegistry)
    i.vQueueWaitForMessageRestricted         0x08004630   Section        0  queue.o(i.vQueueWaitForMessageRestricted)
    i.vTaskDelay                             0x0800467c   Section        0  tasks.o(i.vTaskDelay)
    i.vTaskInternalSetTimeOutState           0x080046d8   Section        0  tasks.o(i.vTaskInternalSetTimeOutState)
    i.vTaskMissedYield                       0x080046f0   Section        0  tasks.o(i.vTaskMissedYield)
    i.vTaskPlaceOnEventList                  0x080046fc   Section        0  tasks.o(i.vTaskPlaceOnEventList)
    i.vTaskPlaceOnEventListRestricted        0x08004734   Section        0  tasks.o(i.vTaskPlaceOnEventListRestricted)
    i.vTaskStartScheduler                    0x08004774   Section        0  tasks.o(i.vTaskStartScheduler)
    i.vTaskSuspendAll                        0x0800482c   Section        0  tasks.o(i.vTaskSuspendAll)
    i.vTaskSwitchContext                     0x0800483c   Section        0  tasks.o(i.vTaskSwitchContext)
    i.xPortStartScheduler                    0x080048cc   Section        0  port.o(i.xPortStartScheduler)
    i.xPortSysTickHandler                    0x080049c4   Section        0  port.o(i.xPortSysTickHandler)
    i.xQueueGenericCreateStatic              0x080049f8   Section        0  queue.o(i.xQueueGenericCreateStatic)
    i.xQueueGenericReset                     0x08004ad8   Section        0  queue.o(i.xQueueGenericReset)
    i.xQueueGenericSend                      0x08004b70   Section        0  queue.o(i.xQueueGenericSend)
    i.xQueueGenericSendFromISR               0x08004d18   Section        0  queue.o(i.xQueueGenericSendFromISR)
    i.xQueueReceive                          0x08004e14   Section        0  queue.o(i.xQueueReceive)
    i.xTaskCheckForTimeOut                   0x08004f7c   Section        0  tasks.o(i.xTaskCheckForTimeOut)
    i.xTaskCreate                            0x08005008   Section        0  tasks.o(i.xTaskCreate)
    i.xTaskCreateStatic                      0x0800506c   Section        0  tasks.o(i.xTaskCreateStatic)
    i.xTaskGetSchedulerState                 0x08005128   Section        0  tasks.o(i.xTaskGetSchedulerState)
    i.xTaskGetTickCount                      0x08005148   Section        0  tasks.o(i.xTaskGetTickCount)
    i.xTaskIncrementTick                     0x08005154   Section        0  tasks.o(i.xTaskIncrementTick)
    i.xTaskPriorityDisinherit                0x08005298   Section        0  tasks.o(i.xTaskPriorityDisinherit)
    i.xTaskRemoveFromEventList               0x0800533c   Section        0  tasks.o(i.xTaskRemoveFromEventList)
    i.xTaskResumeAll                         0x080053d4   Section        0  tasks.o(i.xTaskResumeAll)
    i.xTimerCreateTimerTask                  0x080054d8   Section        0  timers.o(i.xTimerCreateTimerTask)
    i.xTimerGenericCommand                   0x08005550   Section        0  timers.o(i.xTimerGenericCommand)
    .constdata                               0x080055d4   Section      144  freertos.o(.constdata)
    .constdata                               0x08005664   Section       18  stm32f1xx_hal_rcc.o(.constdata)
    aPLLMULFactorTable                       0x08005664   Data          16  stm32f1xx_hal_rcc.o(.constdata)
    aPredivFactorTable                       0x08005674   Data           2  stm32f1xx_hal_rcc.o(.constdata)
    .constdata                               0x08005676   Section       24  system_stm32f1xx.o(.constdata)
    .constdata                               0x0800568e   Section      129  ctype_o.o(.constdata)
    .constdata                               0x08005710   Section        4  ctype_o.o(.constdata)
    table                                    0x08005710   Data           4  ctype_o.o(.constdata)
    .conststring                             0x08005714   Section       55  freertos.o(.conststring)
    .data                                    0x20000000   Section       20  freertos.o(.data)
    .data                                    0x20000014   Section        9  stm32f1xx_hal.o(.data)
    .data                                    0x20000020   Section        4  system_stm32f1xx.o(.data)
    .data                                    0x20000024   Section       60  tasks.o(.data)
    pxDelayedTaskList                        0x20000028   Data           4  tasks.o(.data)
    pxOverflowDelayedTaskList                0x2000002c   Data           4  tasks.o(.data)
    uxDeletedTasksWaitingCleanUp             0x20000030   Data           4  tasks.o(.data)
    uxCurrentNumberOfTasks                   0x20000034   Data           4  tasks.o(.data)
    xTickCount                               0x20000038   Data           4  tasks.o(.data)
    uxTopReadyPriority                       0x2000003c   Data           4  tasks.o(.data)
    xSchedulerRunning                        0x20000040   Data           4  tasks.o(.data)
    xPendedTicks                             0x20000044   Data           4  tasks.o(.data)
    xYieldPending                            0x20000048   Data           4  tasks.o(.data)
    xNumOfOverflows                          0x2000004c   Data           4  tasks.o(.data)
    uxTaskNumber                             0x20000050   Data           4  tasks.o(.data)
    xNextTaskUnblockTime                     0x20000054   Data           4  tasks.o(.data)
    xIdleTaskHandle                          0x20000058   Data           4  tasks.o(.data)
    uxSchedulerSuspended                     0x2000005c   Data           4  tasks.o(.data)
    .data                                    0x20000060   Section       20  timers.o(.data)
    pxCurrentTimerList                       0x20000060   Data           4  timers.o(.data)
    pxOverflowTimerList                      0x20000064   Data           4  timers.o(.data)
    xTimerQueue                              0x20000068   Data           4  timers.o(.data)
    xTimerTaskHandle                         0x2000006c   Data           4  timers.o(.data)
    xLastTime                                0x20000070   Data           4  timers.o(.data)
    .data                                    0x20000074   Section        4  cmsis_os2.o(.data)
    KernelState                              0x20000074   Data           4  cmsis_os2.o(.data)
    .data                                    0x20000078   Section       32  heap_4.o(.data)
    xStart                                   0x20000078   Data           8  heap_4.o(.data)
    pxEnd                                    0x20000080   Data           4  heap_4.o(.data)
    xFreeBytesRemaining                      0x20000084   Data           4  heap_4.o(.data)
    xMinimumEverFreeBytesRemaining           0x20000088   Data           4  heap_4.o(.data)
    xNumberOfSuccessfulAllocations           0x2000008c   Data           4  heap_4.o(.data)
    xNumberOfSuccessfulFrees                 0x20000090   Data           4  heap_4.o(.data)
    xBlockAllocatedBit                       0x20000094   Data           4  heap_4.o(.data)
    .data                                    0x20000098   Section       12  port.o(.data)
    uxCriticalNesting                        0x20000098   Data           4  port.o(.data)
    ucMaxSysCallPriority                     0x2000009c   Data           1  port.o(.data)
    ulMaxPRIGROUPValue                       0x200000a0   Data           4  port.o(.data)
    .data                                    0x200000a4   Section       14  int_bootloader.o(.data)
    .data                                    0x200000b4   Section        9  app_bootloader.o(.data)
    .data                                    0x200000c0   Section        4  stdout.o(.data)
    .data                                    0x200000c4   Section        4  errno.o(.data)
    _errno                                   0x200000c4   Data           4  errno.o(.data)
    .bss                                     0x200000c8   Section      208  usart.o(.bss)
    .bss                                     0x20000198   Section       72  stm32f1xx_hal_timebase_tim.o(.bss)
    .bss                                     0x200001e0   Section       32  stm32f1xx_hal_flash.o(.bss)
    .bss                                     0x20000200   Section       64  queue.o(.bss)
    .bss                                     0x20000240   Section     1220  tasks.o(.bss)
    pxReadyTasksLists                        0x20000240   Data        1120  tasks.o(.bss)
    xDelayedTaskList1                        0x200006a0   Data          20  tasks.o(.bss)
    xDelayedTaskList2                        0x200006b4   Data          20  tasks.o(.bss)
    xPendingReadyList                        0x200006c8   Data          20  tasks.o(.bss)
    xTasksWaitingTermination                 0x200006dc   Data          20  tasks.o(.bss)
    xSuspendedTaskList                       0x200006f0   Data          20  tasks.o(.bss)
    .bss                                     0x20000704   Section      280  timers.o(.bss)
    xActiveTimerList1                        0x20000704   Data          20  timers.o(.bss)
    xActiveTimerList2                        0x20000718   Data          20  timers.o(.bss)
    xStaticTimerQueue                        0x2000072c   Data          80  timers.o(.bss)
    ucStaticTimerQueueStorage                0x2000077c   Data         160  timers.o(.bss)
    .bss                                     0x2000081c   Section     1720  cmsis_os2.o(.bss)
    Idle_TCB                                 0x2000081c   Data          92  cmsis_os2.o(.bss)
    Idle_Stack                               0x20000878   Data         512  cmsis_os2.o(.bss)
    Timer_TCB                                0x20000a78   Data          92  cmsis_os2.o(.bss)
    Timer_Stack                              0x20000ad4   Data        1024  cmsis_os2.o(.bss)
    .bss                                     0x20000ed4   Section     3072  heap_4.o(.bss)
    ucHeap                                   0x20000ed4   Data        3072  heap_4.o(.bss)
    .bss                                     0x20001ad4   Section      512  int_bootloader.o(.bss)
    .bss                                     0x20001cd4   Section       64  app_bootloader.o(.bss)
    STACK                                    0x20001d18   Section     1024  startup_stm32f103xe.o(STACK)

    Global Symbols

    Symbol Name                              Value     Ov Type        Size  Object(Section)

    BuildAttributes$$THM_ISAv4$P$D$K$B$S$PE$A:L22UL41UL21$X:L11$S22US41US21$IEEE1$IW$USESV6$~STKCKD$USESV7$~SHL$OSPACE$ROPI$EBA8$MICROLIB$REQ8$PRES8$EABIv2 0x00000000   Number         0  anon$$obj.o ABSOLUTE
    __ARM_use_no_argv                        0x00000000   Number         0  main.o ABSOLUTE
    _printf_a                                0x00000000   Number         0  stubs.o ABSOLUTE
    _printf_c                                0x00000000   Number         0  stubs.o ABSOLUTE
    _printf_charcount                        0x00000000   Number         0  stubs.o ABSOLUTE
    _printf_d                                0x00000000   Number         0  stubs.o ABSOLUTE
    _printf_e                                0x00000000   Number         0  stubs.o ABSOLUTE
    _printf_f                                0x00000000   Number         0  stubs.o ABSOLUTE
    _printf_flags                            0x00000000   Number         0  stubs.o ABSOLUTE
    _printf_fp_dec                           0x00000000   Number         0  stubs.o ABSOLUTE
    _printf_fp_hex                           0x00000000   Number         0  stubs.o ABSOLUTE
    _printf_g                                0x00000000   Number         0  stubs.o ABSOLUTE
    _printf_i                                0x00000000   Number         0  stubs.o ABSOLUTE
    _printf_int_dec                          0x00000000   Number         0  stubs.o ABSOLUTE
    _printf_l                                0x00000000   Number         0  stubs.o ABSOLUTE
    _printf_lc                               0x00000000   Number         0  stubs.o ABSOLUTE
    _printf_ll                               0x00000000   Number         0  stubs.o ABSOLUTE
    _printf_lld                              0x00000000   Number         0  stubs.o ABSOLUTE
    _printf_lli                              0x00000000   Number         0  stubs.o ABSOLUTE
    _printf_llo                              0x00000000   Number         0  stubs.o ABSOLUTE
    _printf_llu                              0x00000000   Number         0  stubs.o ABSOLUTE
    _printf_llx                              0x00000000   Number         0  stubs.o ABSOLUTE
    _printf_longlong_dec                     0x00000000   Number         0  stubs.o ABSOLUTE
    _printf_longlong_hex                     0x00000000   Number         0  stubs.o ABSOLUTE
    _printf_longlong_oct                     0x00000000   Number         0  stubs.o ABSOLUTE
    _printf_ls                               0x00000000   Number         0  stubs.o ABSOLUTE
    _printf_mbtowc                           0x00000000   Number         0  stubs.o ABSOLUTE
    _printf_n                                0x00000000   Number         0  stubs.o ABSOLUTE
    _printf_o                                0x00000000   Number         0  stubs.o ABSOLUTE
    _printf_p                                0x00000000   Number         0  stubs.o ABSOLUTE
    _printf_percent                          0x00000000   Number         0  stubs.o ABSOLUTE
    _printf_pre_padding                      0x00000000   Number         0  stubs.o ABSOLUTE
    _printf_return_value                     0x00000000   Number         0  stubs.o ABSOLUTE
    _printf_s                                0x00000000   Number         0  stubs.o ABSOLUTE
    _printf_sizespec                         0x00000000   Number         0  stubs.o ABSOLUTE
    _printf_str                              0x00000000   Number         0  stubs.o ABSOLUTE
    _printf_truncate_signed                  0x00000000   Number         0  stubs.o ABSOLUTE
    _printf_truncate_unsigned                0x00000000   Number         0  stubs.o ABSOLUTE
    _printf_u                                0x00000000   Number         0  stubs.o ABSOLUTE
    _printf_wc                               0x00000000   Number         0  stubs.o ABSOLUTE
    _printf_wctomb                           0x00000000   Number         0  stubs.o ABSOLUTE
    _printf_widthprec                        0x00000000   Number         0  stubs.o ABSOLUTE
    _printf_x                                0x00000000   Number         0  stubs.o ABSOLUTE
    __arm_fini_                               - Undefined Weak Reference
    __cpp_initialize__aeabi_                  - Undefined Weak Reference
    __cxa_finalize                            - Undefined Weak Reference
    __decompress                              - Undefined Weak Reference
    _clock_init                               - Undefined Weak Reference
    _microlib_exit                            - Undefined Weak Reference
    __Vectors_Size                           0x00000130   Number         0  startup_stm32f103xe.o ABSOLUTE
    __Vectors                                0x08000000   Data           4  startup_stm32f103xe.o(RESET)
    __Vectors_End                            0x08000130   Data           0  startup_stm32f103xe.o(RESET)
    __main                                   0x08000131   Thumb Code     0  entry.o(.ARM.Collect$$$$00000000)
    _main_stk                                0x08000131   Thumb Code     0  entry2.o(.ARM.Collect$$$$00000001)
    _main_scatterload                        0x08000135   Thumb Code     0  entry5.o(.ARM.Collect$$$$00000004)
    __main_after_scatterload                 0x08000139   Thumb Code     0  entry5.o(.ARM.Collect$$$$00000004)
    _main_clock                              0x08000139   Thumb Code     0  entry7b.o(.ARM.Collect$$$$00000008)
    _main_cpp_init                           0x08000139   Thumb Code     0  entry8b.o(.ARM.Collect$$$$0000000A)
    _main_init                               0x08000139   Thumb Code     0  entry9a.o(.ARM.Collect$$$$0000000B)
    __rt_lib_shutdown_fini                   0x08000141   Thumb Code     0  entry12b.o(.ARM.Collect$$$$0000000E)
    __rt_final_cpp                           0x08000145   Thumb Code     0  entry10a.o(.ARM.Collect$$$$0000000F)
    __rt_final_exit                          0x08000145   Thumb Code     0  entry11a.o(.ARM.Collect$$$$00000011)
    SVC_Handler                              0x08000149   Thumb Code    32  port.o(.emb_text)
    __asm___6_port_c_39a90d8d__prvStartFirstTask 0x0800016d   Thumb Code    28  port.o(.emb_text)
    PendSV_Handler                           0x0800018d   Thumb Code    72  port.o(.emb_text)
    vPortGetIPSR                             0x080001d9   Thumb Code     6  port.o(.emb_text)
    Reset_Handler                            0x080001e1   Thumb Code     8  startup_stm32f103xe.o(.text)
    ADC1_2_IRQHandler                        0x080001fb   Thumb Code     0  startup_stm32f103xe.o(.text)
    ADC3_IRQHandler                          0x080001fb   Thumb Code     0  startup_stm32f103xe.o(.text)
    CAN1_RX1_IRQHandler                      0x080001fb   Thumb Code     0  startup_stm32f103xe.o(.text)
    CAN1_SCE_IRQHandler                      0x080001fb   Thumb Code     0  startup_stm32f103xe.o(.text)
    DMA1_Channel1_IRQHandler                 0x080001fb   Thumb Code     0  startup_stm32f103xe.o(.text)
    DMA1_Channel2_IRQHandler                 0x080001fb   Thumb Code     0  startup_stm32f103xe.o(.text)
    DMA1_Channel3_IRQHandler                 0x080001fb   Thumb Code     0  startup_stm32f103xe.o(.text)
    DMA1_Channel4_IRQHandler                 0x080001fb   Thumb Code     0  startup_stm32f103xe.o(.text)
    DMA1_Channel5_IRQHandler                 0x080001fb   Thumb Code     0  startup_stm32f103xe.o(.text)
    DMA1_Channel6_IRQHandler                 0x080001fb   Thumb Code     0  startup_stm32f103xe.o(.text)
    DMA1_Channel7_IRQHandler                 0x080001fb   Thumb Code     0  startup_stm32f103xe.o(.text)
    DMA2_Channel1_IRQHandler                 0x080001fb   Thumb Code     0  startup_stm32f103xe.o(.text)
    DMA2_Channel2_IRQHandler                 0x080001fb   Thumb Code     0  startup_stm32f103xe.o(.text)
    EXTI0_IRQHandler                         0x080001fb   Thumb Code     0  startup_stm32f103xe.o(.text)
    EXTI15_10_IRQHandler                     0x080001fb   Thumb Code     0  startup_stm32f103xe.o(.text)
    EXTI1_IRQHandler                         0x080001fb   Thumb Code     0  startup_stm32f103xe.o(.text)
    EXTI2_IRQHandler                         0x080001fb   Thumb Code     0  startup_stm32f103xe.o(.text)
    EXTI3_IRQHandler                         0x080001fb   Thumb Code     0  startup_stm32f103xe.o(.text)
    EXTI4_IRQHandler                         0x080001fb   Thumb Code     0  startup_stm32f103xe.o(.text)
    EXTI9_5_IRQHandler                       0x080001fb   Thumb Code     0  startup_stm32f103xe.o(.text)
    FLASH_IRQHandler                         0x080001fb   Thumb Code     0  startup_stm32f103xe.o(.text)
    FSMC_IRQHandler                          0x080001fb   Thumb Code     0  startup_stm32f103xe.o(.text)
    I2C1_ER_IRQHandler                       0x080001fb   Thumb Code     0  startup_stm32f103xe.o(.text)
    I2C1_EV_IRQHandler                       0x080001fb   Thumb Code     0  startup_stm32f103xe.o(.text)
    I2C2_ER_IRQHandler                       0x080001fb   Thumb Code     0  startup_stm32f103xe.o(.text)
    I2C2_EV_IRQHandler                       0x080001fb   Thumb Code     0  startup_stm32f103xe.o(.text)
    PVD_IRQHandler                           0x080001fb   Thumb Code     0  startup_stm32f103xe.o(.text)
    RCC_IRQHandler                           0x080001fb   Thumb Code     0  startup_stm32f103xe.o(.text)
    RTC_Alarm_IRQHandler                     0x080001fb   Thumb Code     0  startup_stm32f103xe.o(.text)
    RTC_IRQHandler                           0x080001fb   Thumb Code     0  startup_stm32f103xe.o(.text)
    SDIO_IRQHandler                          0x080001fb   Thumb Code     0  startup_stm32f103xe.o(.text)
    SPI1_IRQHandler                          0x080001fb   Thumb Code     0  startup_stm32f103xe.o(.text)
    SPI2_IRQHandler                          0x080001fb   Thumb Code     0  startup_stm32f103xe.o(.text)
    SPI3_IRQHandler                          0x080001fb   Thumb Code     0  startup_stm32f103xe.o(.text)
    TAMPER_IRQHandler                        0x080001fb   Thumb Code     0  startup_stm32f103xe.o(.text)
    TIM1_BRK_IRQHandler                      0x080001fb   Thumb Code     0  startup_stm32f103xe.o(.text)
    TIM1_CC_IRQHandler                       0x080001fb   Thumb Code     0  startup_stm32f103xe.o(.text)
    TIM1_TRG_COM_IRQHandler                  0x080001fb   Thumb Code     0  startup_stm32f103xe.o(.text)
    TIM1_UP_IRQHandler                       0x080001fb   Thumb Code     0  startup_stm32f103xe.o(.text)
    TIM2_IRQHandler                          0x080001fb   Thumb Code     0  startup_stm32f103xe.o(.text)
    TIM3_IRQHandler                          0x080001fb   Thumb Code     0  startup_stm32f103xe.o(.text)
    TIM4_IRQHandler                          0x080001fb   Thumb Code     0  startup_stm32f103xe.o(.text)
    TIM5_IRQHandler                          0x080001fb   Thumb Code     0  startup_stm32f103xe.o(.text)
    TIM6_IRQHandler                          0x080001fb   Thumb Code     0  startup_stm32f103xe.o(.text)
    TIM8_BRK_IRQHandler                      0x080001fb   Thumb Code     0  startup_stm32f103xe.o(.text)
    TIM8_CC_IRQHandler                       0x080001fb   Thumb Code     0  startup_stm32f103xe.o(.text)
    TIM8_TRG_COM_IRQHandler                  0x080001fb   Thumb Code     0  startup_stm32f103xe.o(.text)
    TIM8_UP_IRQHandler                       0x080001fb   Thumb Code     0  startup_stm32f103xe.o(.text)
    UART5_IRQHandler                         0x080001fb   Thumb Code     0  startup_stm32f103xe.o(.text)
    USART1_IRQHandler                        0x080001fb   Thumb Code     0  startup_stm32f103xe.o(.text)
    USART2_IRQHandler                        0x080001fb   Thumb Code     0  startup_stm32f103xe.o(.text)
    USART3_IRQHandler                        0x080001fb   Thumb Code     0  startup_stm32f103xe.o(.text)
    USBWakeUp_IRQHandler                     0x080001fb   Thumb Code     0  startup_stm32f103xe.o(.text)
    USB_HP_CAN1_TX_IRQHandler                0x080001fb   Thumb Code     0  startup_stm32f103xe.o(.text)
    USB_LP_CAN1_RX0_IRQHandler               0x080001fb   Thumb Code     0  startup_stm32f103xe.o(.text)
    WWDG_IRQHandler                          0x080001fb   Thumb Code     0  startup_stm32f103xe.o(.text)
    __aeabi_llsr                             0x08000205   Thumb Code    32  llushr.o(.text)
    _ll_ushift_r                             0x08000205   Thumb Code     0  llushr.o(.text)
    __aeabi_memcpy                           0x08000225   Thumb Code    36  memcpya.o(.text)
    __aeabi_memcpy4                          0x08000225   Thumb Code     0  memcpya.o(.text)
    __aeabi_memcpy8                          0x08000225   Thumb Code     0  memcpya.o(.text)
    __aeabi_memset                           0x08000249   Thumb Code    14  memseta.o(.text)
    __aeabi_memset4                          0x08000249   Thumb Code     0  memseta.o(.text)
    __aeabi_memset8                          0x08000249   Thumb Code     0  memseta.o(.text)
    __aeabi_memclr                           0x08000257   Thumb Code     4  memseta.o(.text)
    __aeabi_memclr4                          0x08000257   Thumb Code     0  memseta.o(.text)
    __aeabi_memclr8                          0x08000257   Thumb Code     0  memseta.o(.text)
    memset                                   0x0800025b   Thumb Code    18  memseta.o(.text)
    strstr                                   0x0800026d   Thumb Code    36  strstr.o(.text)
    atoi                                     0x08000291   Thumb Code    26  atoi.o(.text)
    __aeabi_uldivmod                         0x080002ab   Thumb Code    98  uldiv.o(.text)
    strtol                                   0x0800030d   Thumb Code   112  strtol.o(.text)
    __scatterload                            0x0800037d   Thumb Code    28  init.o(.text)
    __scatterload_rt2                        0x0800037d   Thumb Code     0  init.o(.text)
    __aeabi_llsl                             0x080003a1   Thumb Code    30  llshl.o(.text)
    _ll_shift_l                              0x080003a1   Thumb Code     0  llshl.o(.text)
    __rt_ctype_table                         0x080003c1   Thumb Code     4  ctype_o.o(.text)
    _strtoul                                 0x080003c9   Thumb Code   158  _strtoul.o(.text)
    _chval                                   0x08000467   Thumb Code    28  _chval.o(.text)
    App_bootloader_check_data                0x08000485   Thumb Code    40  app_bootloader.o(i.App_bootloader_check_data)
    App_bootloader_init                      0x080004f1   Thumb Code    28  app_bootloader.o(i.App_bootloader_init)
    App_bootloader_jump_app                  0x0800055d   Thumb Code    14  app_bootloader.o(i.App_bootloader_jump_app)
    App_bootloader_rec_data                  0x0800057d   Thumb Code    42  app_bootloader.o(i.App_bootloader_rec_data)
    App_bootloader_run                       0x080005d9   Thumb Code    92  app_bootloader.o(i.App_bootloader_run)
    App_bootloader_work                      0x0800067d   Thumb Code    82  app_bootloader.o(i.App_bootloader_work)
    BusFault_Handler                         0x08000709   Thumb Code     4  stm32f1xx_it.o(i.BusFault_Handler)
    DMA2_Channel3_IRQHandler                 0x0800070d   Thumb Code    10  stm32f1xx_it.o(i.DMA2_Channel3_IRQHandler)
    DMA2_Channel4_5_IRQHandler               0x0800071d   Thumb Code    10  stm32f1xx_it.o(i.DMA2_Channel4_5_IRQHandler)
    DebugMon_Handler                         0x0800072d   Thumb Code     2  stm32f1xx_it.o(i.DebugMon_Handler)
    Error_Handler                            0x0800072f   Thumb Code     6  main.o(i.Error_Handler)
    FLASH_PageErase                          0x0800075d   Thumb Code    32  stm32f1xx_hal_flash_ex.o(i.FLASH_PageErase)
    FLASH_WaitForLastOperation               0x08000829   Thumb Code   106  stm32f1xx_hal_flash.o(i.FLASH_WaitForLastOperation)
    HAL_DMA_Abort                            0x08000899   Thumb Code    86  stm32f1xx_hal_dma.o(i.HAL_DMA_Abort)
    HAL_DMA_Abort_IT                         0x080008f1   Thumb Code   414  stm32f1xx_hal_dma.o(i.HAL_DMA_Abort_IT)
    HAL_DMA_IRQHandler                       0x08000a99   Thumb Code   910  stm32f1xx_hal_dma.o(i.HAL_DMA_IRQHandler)
    HAL_DMA_Init                             0x08000e31   Thumb Code   132  stm32f1xx_hal_dma.o(i.HAL_DMA_Init)
    HAL_DeInit                               0x08000ebd   Thumb Code    30  stm32f1xx_hal.o(i.HAL_DeInit)
    HAL_FLASHEx_Erase                        0x08000ee1   Thumb Code   168  stm32f1xx_hal_flash_ex.o(i.HAL_FLASHEx_Erase)
    HAL_FLASH_Lock                           0x08000f91   Thumb Code    16  stm32f1xx_hal_flash.o(i.HAL_FLASH_Lock)
    HAL_FLASH_Program                        0x08000fa5   Thumb Code   168  stm32f1xx_hal_flash.o(i.HAL_FLASH_Program)
    HAL_FLASH_Unlock                         0x08001055   Thumb Code    36  stm32f1xx_hal_flash.o(i.HAL_FLASH_Unlock)
    HAL_GPIO_Init                            0x08001085   Thumb Code   792  stm32f1xx_hal_gpio.o(i.HAL_GPIO_Init)
    HAL_GPIO_TogglePin                       0x080013c5   Thumb Code    20  stm32f1xx_hal_gpio.o(i.HAL_GPIO_TogglePin)
    HAL_GPIO_WritePin                        0x080013d9   Thumb Code    12  stm32f1xx_hal_gpio.o(i.HAL_GPIO_WritePin)
    HAL_GetTick                              0x080013e5   Thumb Code     6  stm32f1xx_hal.o(i.HAL_GetTick)
    HAL_IncTick                              0x080013f1   Thumb Code    16  stm32f1xx_hal.o(i.HAL_IncTick)
    HAL_Init                                 0x08001409   Thumb Code    34  stm32f1xx_hal.o(i.HAL_Init)
    HAL_InitTick                             0x08001431   Thumb Code   158  stm32f1xx_hal_timebase_tim.o(i.HAL_InitTick)
    HAL_MspDeInit                            0x080014e5   Thumb Code     2  stm32f1xx_hal.o(i.HAL_MspDeInit)
    HAL_MspInit                              0x080014e9   Thumb Code    86  stm32f1xx_hal_msp.o(i.HAL_MspInit)
    HAL_NVIC_EnableIRQ                       0x08001549   Thumb Code    32  stm32f1xx_hal_cortex.o(i.HAL_NVIC_EnableIRQ)
    HAL_NVIC_SetPriority                     0x08001569   Thumb Code   124  stm32f1xx_hal_cortex.o(i.HAL_NVIC_SetPriority)
    HAL_NVIC_SetPriorityGrouping             0x080015e5   Thumb Code    32  stm32f1xx_hal_cortex.o(i.HAL_NVIC_SetPriorityGrouping)
    HAL_RCC_ClockConfig                      0x0800160d   Thumb Code   376  stm32f1xx_hal_rcc.o(i.HAL_RCC_ClockConfig)
    HAL_RCC_GetClockConfig                   0x08001799   Thumb Code    58  stm32f1xx_hal_rcc.o(i.HAL_RCC_GetClockConfig)
    HAL_RCC_GetHCLKFreq                      0x080017dd   Thumb Code     6  stm32f1xx_hal_rcc.o(i.HAL_RCC_GetHCLKFreq)
    HAL_RCC_GetPCLK1Freq                     0x080017e9   Thumb Code    22  stm32f1xx_hal_rcc.o(i.HAL_RCC_GetPCLK1Freq)
    HAL_RCC_GetPCLK2Freq                     0x08001809   Thumb Code    22  stm32f1xx_hal_rcc.o(i.HAL_RCC_GetPCLK2Freq)
    HAL_RCC_GetSysClockFreq                  0x08001829   Thumb Code    92  stm32f1xx_hal_rcc.o(i.HAL_RCC_GetSysClockFreq)
    HAL_RCC_OscConfig                        0x08001899   Thumb Code  1114  stm32f1xx_hal_rcc.o(i.HAL_RCC_OscConfig)
    HAL_TIMEx_BreakCallback                  0x08001cfd   Thumb Code     2  stm32f1xx_hal_tim_ex.o(i.HAL_TIMEx_BreakCallback)
    HAL_TIMEx_CommutCallback                 0x08001cff   Thumb Code     2  stm32f1xx_hal_tim_ex.o(i.HAL_TIMEx_CommutCallback)
    HAL_TIM_Base_Init                        0x08001d01   Thumb Code   102  stm32f1xx_hal_tim.o(i.HAL_TIM_Base_Init)
    HAL_TIM_Base_MspInit                     0x08001d67   Thumb Code     2  stm32f1xx_hal_tim.o(i.HAL_TIM_Base_MspInit)
    HAL_TIM_Base_Start_IT                    0x08001d69   Thumb Code   122  stm32f1xx_hal_tim.o(i.HAL_TIM_Base_Start_IT)
    HAL_TIM_IC_CaptureCallback               0x08001df9   Thumb Code     2  stm32f1xx_hal_tim.o(i.HAL_TIM_IC_CaptureCallback)
    HAL_TIM_IRQHandler                       0x08001dfb   Thumb Code   364  stm32f1xx_hal_tim.o(i.HAL_TIM_IRQHandler)
    HAL_TIM_OC_DelayElapsedCallback          0x08001f67   Thumb Code     2  stm32f1xx_hal_tim.o(i.HAL_TIM_OC_DelayElapsedCallback)
    HAL_TIM_PWM_PulseFinishedCallback        0x08001f69   Thumb Code     2  stm32f1xx_hal_tim.o(i.HAL_TIM_PWM_PulseFinishedCallback)
    HAL_TIM_PeriodElapsedCallback            0x08001f6d   Thumb Code    18  main.o(i.HAL_TIM_PeriodElapsedCallback)
    HAL_TIM_TriggerCallback                  0x08001f85   Thumb Code     2  stm32f1xx_hal_tim.o(i.HAL_TIM_TriggerCallback)
    HAL_UARTEx_ReceiveToIdle                 0x08001f87   Thumb Code   296  stm32f1xx_hal_uart.o(i.HAL_UARTEx_ReceiveToIdle)
    HAL_UARTEx_ReceiveToIdle_IT              0x080020af   Thumb Code   114  stm32f1xx_hal_uart.o(i.HAL_UARTEx_ReceiveToIdle_IT)
    HAL_UARTEx_RxEventCallback               0x08002121   Thumb Code   132  int_bootloader.o(i.HAL_UARTEx_RxEventCallback)
    HAL_UART_ErrorCallback                   0x080021bd   Thumb Code     2  stm32f1xx_hal_uart.o(i.HAL_UART_ErrorCallback)
    HAL_UART_IRQHandler                      0x080021c1   Thumb Code   736  stm32f1xx_hal_uart.o(i.HAL_UART_IRQHandler)
    HAL_UART_Init                            0x080024a5   Thumb Code   118  stm32f1xx_hal_uart.o(i.HAL_UART_Init)
    HAL_UART_MspInit                         0x0800251d   Thumb Code   240  usart.o(i.HAL_UART_MspInit)
    HAL_UART_RxCpltCallback                  0x08002625   Thumb Code     2  stm32f1xx_hal_uart.o(i.HAL_UART_RxCpltCallback)
    HAL_UART_Transmit                        0x08002627   Thumb Code   190  stm32f1xx_hal_uart.o(i.HAL_UART_Transmit)
    HAL_UART_TxCpltCallback                  0x080026e5   Thumb Code     2  stm32f1xx_hal_uart.o(i.HAL_UART_TxCpltCallback)
    HardFault_Handler                        0x080026e7   Thumb Code     4  stm32f1xx_it.o(i.HardFault_Handler)
    Int_bootloader_erase_flash               0x080026eb   Thumb Code    54  app_bootloader.o(i.Int_bootloader_erase_flash)
    Int_bootloader_jump_to_app               0x08002721   Thumb Code   114  int_bootloader.o(i.Int_bootloader_jump_to_app)
    Int_bootloader_receive_app               0x08002809   Thumb Code    68  int_bootloader.o(i.Int_bootloader_receive_app)
    Int_flash_write_halfword                 0x080028cd   Thumb Code   160  int_bootloader.o(i.Int_flash_write_halfword)
    MX_DMA_Init                              0x08002a31   Thumb Code    64  dma.o(i.MX_DMA_Init)
    MX_FREERTOS_Init                         0x08002a75   Thumb Code    60  freertos.o(i.MX_FREERTOS_Init)
    MX_GPIO_Init                             0x08002ae1   Thumb Code   132  gpio.o(i.MX_GPIO_Init)
    MX_UART4_Init                            0x08002b6d   Thumb Code    46  usart.o(i.MX_UART4_Init)
    MemManage_Handler                        0x08002ba5   Thumb Code     4  stm32f1xx_it.o(i.MemManage_Handler)
    NMI_Handler                              0x08002ba9   Thumb Code     4  stm32f1xx_it.o(i.NMI_Handler)
    StartDefaultTask                         0x08002bd5   Thumb Code    16  freertos.o(i.StartDefaultTask)
    SysTick_Handler                          0x08002be5   Thumb Code    22  cmsis_os2.o(i.SysTick_Handler)
    SystemClock_Config                       0x08002bfb   Thumb Code    80  main.o(i.SystemClock_Config)
    SystemInit                               0x08002c4b   Thumb Code     2  system_stm32f1xx.o(i.SystemInit)
    TIM7_IRQHandler                          0x08002c4d   Thumb Code    10  stm32f1xx_it.o(i.TIM7_IRQHandler)
    TIM_Base_SetConfig                       0x08002c5d   Thumb Code   150  stm32f1xx_hal_tim.o(i.TIM_Base_SetConfig)
    UART4_IRQHandler                         0x08002d09   Thumb Code    10  stm32f1xx_it.o(i.UART4_IRQHandler)
    UART_Start_Receive_IT                    0x08002fb1   Thumb Code    64  stm32f1xx_hal_uart.o(i.UART_Start_Receive_IT)
    UsageFault_Handler                       0x080030dd   Thumb Code     4  stm32f1xx_it.o(i.UsageFault_Handler)
    __0printf$8                              0x080030e1   Thumb Code    22  printf8.o(i.__0printf$8)
    __1printf$8                              0x080030e1   Thumb Code     0  printf8.o(i.__0printf$8)
    __2printf                                0x080030e1   Thumb Code     0  printf8.o(i.__0printf$8)
    __aeabi_errno_addr                       0x08003175   Thumb Code     4  errno.o(i.__aeabi_errno_addr)
    __rt_errno_addr                          0x08003175   Thumb Code     0  errno.o(i.__aeabi_errno_addr)
    __scatterload_copy                       0x08003183   Thumb Code    14  handlers.o(i.__scatterload_copy)
    __scatterload_null                       0x08003191   Thumb Code     2  handlers.o(i.__scatterload_null)
    __scatterload_zeroinit                   0x08003193   Thumb Code    14  handlers.o(i.__scatterload_zeroinit)
    fputc                                    0x080035f9   Thumb Code    22  usart.o(i.fputc)
    led                                      0x08003615   Thumb Code    28  freertos.o(i.led)
    main                                     0x08003635   Thumb Code    46  main.o(i.main)
    osDelay                                  0x08003663   Thumb Code    30  cmsis_os2.o(i.osDelay)
    osKernelInitialize                       0x08003681   Thumb Code    38  cmsis_os2.o(i.osKernelInitialize)
    osKernelStart                            0x080036ad   Thumb Code    82  cmsis_os2.o(i.osKernelStart)
    osThreadNew                              0x0800370d   Thumb Code   184  cmsis_os2.o(i.osThreadNew)
    pvPortMalloc                             0x080041e9   Thumb Code   306  heap_4.o(i.pvPortMalloc)
    pxPortInitialiseStack                    0x08004335   Thumb Code    30  port.o(i.pxPortInitialiseStack)
    uart_rx                                  0x08004359   Thumb Code    10  freertos.o(i.uart_rx)
    uart_tx                                  0x08004363   Thumb Code    10  freertos.o(i.uart_tx)
    uxListRemove                             0x0800436d   Thumb Code    40  list.o(i.uxListRemove)
    vApplicationGetIdleTaskMemory            0x08004395   Thumb Code    14  cmsis_os2.o(i.vApplicationGetIdleTaskMemory)
    vApplicationGetTimerTaskMemory           0x080043ad   Thumb Code    16  cmsis_os2.o(i.vApplicationGetTimerTaskMemory)
    vListInitialise                          0x080043c5   Thumb Code    26  list.o(i.vListInitialise)
    vListInitialiseItem                      0x080043df   Thumb Code     6  list.o(i.vListInitialiseItem)
    vListInsert                              0x080043e5   Thumb Code    52  list.o(i.vListInsert)
    vListInsertEnd                           0x08004419   Thumb Code    24  list.o(i.vListInsertEnd)
    vPortEnterCritical                       0x08004431   Thumb Code    76  port.o(i.vPortEnterCritical)
    vPortExitCritical                        0x08004485   Thumb Code    56  port.o(i.vPortExitCritical)
    vPortFree                                0x080044c1   Thumb Code   150  heap_4.o(i.vPortFree)
    vPortSetupTimerInterrupt                 0x08004565   Thumb Code    36  port.o(i.vPortSetupTimerInterrupt)
    vPortValidateInterruptPriority           0x0800458d   Thumb Code   106  port.o(i.vPortValidateInterruptPriority)
    vQueueAddToRegistry                      0x08004605   Thumb Code    38  queue.o(i.vQueueAddToRegistry)
    vQueueWaitForMessageRestricted           0x08004631   Thumb Code    74  queue.o(i.vQueueWaitForMessageRestricted)
    vTaskDelay                               0x0800467d   Thumb Code    82  tasks.o(i.vTaskDelay)
    vTaskInternalSetTimeOutState             0x080046d9   Thumb Code    14  tasks.o(i.vTaskInternalSetTimeOutState)
    vTaskMissedYield                         0x080046f1   Thumb Code     8  tasks.o(i.vTaskMissedYield)
    vTaskPlaceOnEventList                    0x080046fd   Thumb Code    52  tasks.o(i.vTaskPlaceOnEventList)
    vTaskPlaceOnEventListRestricted          0x08004735   Thumb Code    60  tasks.o(i.vTaskPlaceOnEventListRestricted)
    vTaskStartScheduler                      0x08004775   Thumb Code   156  tasks.o(i.vTaskStartScheduler)
    vTaskSuspendAll                          0x0800482d   Thumb Code    12  tasks.o(i.vTaskSuspendAll)
    vTaskSwitchContext                       0x0800483d   Thumb Code   122  tasks.o(i.vTaskSwitchContext)
    xPortStartScheduler                      0x080048cd   Thumb Code   228  port.o(i.xPortStartScheduler)
    xPortSysTickHandler                      0x080049c5   Thumb Code    46  port.o(i.xPortSysTickHandler)
    xQueueGenericCreateStatic                0x080049f9   Thumb Code   224  queue.o(i.xQueueGenericCreateStatic)
    xQueueGenericReset                       0x08004ad9   Thumb Code   146  queue.o(i.xQueueGenericReset)
    xQueueGenericSend                        0x08004b71   Thumb Code   420  queue.o(i.xQueueGenericSend)
    xQueueGenericSendFromISR                 0x08004d19   Thumb Code   252  queue.o(i.xQueueGenericSendFromISR)
    xQueueReceive                            0x08004e15   Thumb Code   356  queue.o(i.xQueueReceive)
    xTaskCheckForTimeOut                     0x08004f7d   Thumb Code   132  tasks.o(i.xTaskCheckForTimeOut)
    xTaskCreate                              0x08005009   Thumb Code   100  tasks.o(i.xTaskCreate)
    xTaskCreateStatic                        0x0800506d   Thumb Code   186  tasks.o(i.xTaskCreateStatic)
    xTaskGetSchedulerState                   0x08005129   Thumb Code    24  tasks.o(i.xTaskGetSchedulerState)
    xTaskGetTickCount                        0x08005149   Thumb Code     6  tasks.o(i.xTaskGetTickCount)
    xTaskIncrementTick                       0x08005155   Thumb Code   280  tasks.o(i.xTaskIncrementTick)
    xTaskPriorityDisinherit                  0x08005299   Thumb Code   152  tasks.o(i.xTaskPriorityDisinherit)
    xTaskRemoveFromEventList                 0x0800533d   Thumb Code   126  tasks.o(i.xTaskRemoveFromEventList)
    xTaskResumeAll                           0x080053d5   Thumb Code   222  tasks.o(i.xTaskResumeAll)
    xTimerCreateTimerTask                    0x080054d9   Thumb Code   100  timers.o(i.xTimerCreateTimerTask)
    xTimerGenericCommand                     0x08005551   Thumb Code   128  timers.o(i.xTimerGenericCommand)
    defaultTask_attributes                   0x080055d4   Data          36  freertos.o(.constdata)
    myTask_led_attributes                    0x080055f8   Data          36  freertos.o(.constdata)
    myTask_uart_rx_attributes                0x0800561c   Data          36  freertos.o(.constdata)
    myTask_uart_tx_attributes                0x08005640   Data          36  freertos.o(.constdata)
    AHBPrescTable                            0x08005676   Data          16  system_stm32f1xx.o(.constdata)
    APBPrescTable                            0x08005686   Data           8  system_stm32f1xx.o(.constdata)
    __ctype_table                            0x0800568e   Data         129  ctype_o.o(.constdata)
    Region$$Table$$Base                      0x0800574c   Number         0  anon$$obj.o(Region$$Table)
    Region$$Table$$Limit                     0x0800576c   Number         0  anon$$obj.o(Region$$Table)
    receive_len                              0x20000000   Data           2  freertos.o(.data)
    defaultTaskHandle                        0x20000004   Data           4  freertos.o(.data)
    myTask_ledHandle                         0x20000008   Data           4  freertos.o(.data)
    myTask_uart_rxHandle                     0x2000000c   Data           4  freertos.o(.data)
    myTask_uart_txHandle                     0x20000010   Data           4  freertos.o(.data)
    uwTick                                   0x20000014   Data           4  stm32f1xx_hal.o(.data)
    uwTickPrio                               0x20000018   Data           4  stm32f1xx_hal.o(.data)
    uwTickFreq                               0x2000001c   Data           1  stm32f1xx_hal.o(.data)
    SystemCoreClock                          0x20000020   Data           4  system_stm32f1xx.o(.data)
    pxCurrentTCB                             0x20000024   Data           4  tasks.o(.data)
    uart_rec_len                             0x200000a4   Data           2  int_bootloader.o(.data)
    uart_rec_full_len                        0x200000a6   Data           2  int_bootloader.o(.data)
    flash_write_offset                       0x200000a8   Data           4  int_bootloader.o(.data)
    last_rec_time                            0x200000ac   Data           4  int_bootloader.o(.data)
    last_byte                                0x200000b0   Data           1  int_bootloader.o(.data)
    last_byte_flag                           0x200000b1   Data           1  int_bootloader.o(.data)
    app_rec_start_len                        0x200000b4   Data           2  app_bootloader.o(.data)
    app_rec_total_len                        0x200000b8   Data           4  app_bootloader.o(.data)
    boot_status                              0x200000bc   Data           1  app_bootloader.o(.data)
    __stdout                                 0x200000c0   Data           4  stdout.o(.data)
    huart4                                   0x200000c8   Data          72  usart.o(.bss)
    hdma_uart4_rx                            0x20000110   Data          68  usart.o(.bss)
    hdma_uart4_tx                            0x20000154   Data          68  usart.o(.bss)
    htim7                                    0x20000198   Data          72  stm32f1xx_hal_timebase_tim.o(.bss)
    pFlash                                   0x200001e0   Data          32  stm32f1xx_hal_flash.o(.bss)
    xQueueRegistry                           0x20000200   Data          64  queue.o(.bss)
    uart_rec_buf                             0x20001ad4   Data         512  int_bootloader.o(.bss)
    app_rec_start_buff                       0x20001cd4   Data          64  app_bootloader.o(.bss)
    __initial_sp                             0x20002118   Data           0  startup_stm32f103xe.o(STACK)



==============================================================================

Memory Map of the image

  Image Entry point : 0x08000131

  Load Region LR_IROM1 (Base: 0x08000000, Size: 0x00005834, Max: 0x00008000, ABSOLUTE)

    Execution Region ER_IROM1 (Exec base: 0x08000000, Load base: 0x08000000, Size: 0x0000576c, Max: 0x00008000, ABSOLUTE)

    Exec Addr    Load Addr    Size         Type   Attr      Idx    E Section Name        Object

    0x08000000   0x08000000   0x00000130   Data   RO            3    RESET               startup_stm32f103xe.o
    0x08000130   0x08000130   0x00000000   Code   RO         5017  * .ARM.Collect$$$$00000000  mc_w.l(entry.o)
    0x08000130   0x08000130   0x00000004   Code   RO         5295    .ARM.Collect$$$$00000001  mc_w.l(entry2.o)
    0x08000134   0x08000134   0x00000004   Code   RO         5298    .ARM.Collect$$$$00000004  mc_w.l(entry5.o)
    0x08000138   0x08000138   0x00000000   Code   RO         5300    .ARM.Collect$$$$00000008  mc_w.l(entry7b.o)
    0x08000138   0x08000138   0x00000000   Code   RO         5302    .ARM.Collect$$$$0000000A  mc_w.l(entry8b.o)
    0x08000138   0x08000138   0x00000008   Code   RO         5303    .ARM.Collect$$$$0000000B  mc_w.l(entry9a.o)
    0x08000140   0x08000140   0x00000004   Code   RO         5310    .ARM.Collect$$$$0000000E  mc_w.l(entry12b.o)
    0x08000144   0x08000144   0x00000000   Code   RO         5305    .ARM.Collect$$$$0000000F  mc_w.l(entry10a.o)
    0x08000144   0x08000144   0x00000000   Code   RO         5307    .ARM.Collect$$$$00000011  mc_w.l(entry11a.o)
    0x08000144   0x08000144   0x00000004   Code   RO         5296    .ARM.Collect$$$$00002712  mc_w.l(entry2.o)
    0x08000148   0x08000148   0x00000096   Code   RO         4796    .emb_text           port.o
    0x080001de   0x080001de   0x00000002   PAD
    0x080001e0   0x080001e0   0x00000024   Code   RO            4    .text               startup_stm32f103xe.o
    0x08000204   0x08000204   0x00000020   Code   RO         5020    .text               mc_w.l(llushr.o)
    0x08000224   0x08000224   0x00000024   Code   RO         5022    .text               mc_w.l(memcpya.o)
    0x08000248   0x08000248   0x00000024   Code   RO         5026    .text               mc_w.l(memseta.o)
    0x0800026c   0x0800026c   0x00000024   Code   RO         5028    .text               mc_w.l(strstr.o)
    0x08000290   0x08000290   0x0000001a   Code   RO         5293    .text               mc_w.l(atoi.o)
    0x080002aa   0x080002aa   0x00000062   Code   RO         5314    .text               mc_w.l(uldiv.o)
    0x0800030c   0x0800030c   0x00000070   Code   RO         5323    .text               mc_w.l(strtol.o)
    0x0800037c   0x0800037c   0x00000024   Code   RO         5336    .text               mc_w.l(init.o)
    0x080003a0   0x080003a0   0x0000001e   Code   RO         5338    .text               mc_w.l(llshl.o)
    0x080003be   0x080003be   0x00000002   PAD
    0x080003c0   0x080003c0   0x00000008   Code   RO         5342    .text               mc_w.l(ctype_o.o)
    0x080003c8   0x080003c8   0x0000009e   Code   RO         5370    .text               mc_w.l(_strtoul.o)
    0x08000466   0x08000466   0x0000001c   Code   RO         5374    .text               mc_w.l(_chval.o)
    0x08000482   0x08000482   0x00000002   PAD
    0x08000484   0x08000484   0x0000006c   Code   RO         4952    i.App_bootloader_check_data  app_bootloader.o
    0x080004f0   0x080004f0   0x0000006c   Code   RO         4953    i.App_bootloader_init  app_bootloader.o
    0x0800055c   0x0800055c   0x00000020   Code   RO         4954    i.App_bootloader_jump_app  app_bootloader.o
    0x0800057c   0x0800057c   0x0000005c   Code   RO         4955    i.App_bootloader_rec_data  app_bootloader.o
    0x080005d8   0x080005d8   0x000000a4   Code   RO         4956    i.App_bootloader_run  app_bootloader.o
    0x0800067c   0x0800067c   0x0000008c   Code   RO         4957    i.App_bootloader_work  app_bootloader.o
    0x08000708   0x08000708   0x00000004   Code   RO          484    i.BusFault_Handler  stm32f1xx_it.o
    0x0800070c   0x0800070c   0x00000010   Code   RO          485    i.DMA2_Channel3_IRQHandler  stm32f1xx_it.o
    0x0800071c   0x0800071c   0x00000010   Code   RO          486    i.DMA2_Channel4_5_IRQHandler  stm32f1xx_it.o
    0x0800072c   0x0800072c   0x00000002   Code   RO          487    i.DebugMon_Handler  stm32f1xx_it.o
    0x0800072e   0x0800072e   0x00000006   Code   RO           13    i.Error_Handler     main.o
    0x08000734   0x08000734   0x00000028   Code   RO         2479    i.FLASH_MassErase   stm32f1xx_hal_flash_ex.o
    0x0800075c   0x0800075c   0x00000028   Code   RO         2488    i.FLASH_PageErase   stm32f1xx_hal_flash_ex.o
    0x08000784   0x08000784   0x00000020   Code   RO         2376    i.FLASH_Program_HalfWord  stm32f1xx_hal_flash.o
    0x080007a4   0x080007a4   0x00000084   Code   RO         2377    i.FLASH_SetErrorCode  stm32f1xx_hal_flash.o
    0x08000828   0x08000828   0x00000070   Code   RO         2378    i.FLASH_WaitForLastOperation  stm32f1xx_hal_flash.o
    0x08000898   0x08000898   0x00000056   Code   RO         2035    i.HAL_DMA_Abort     stm32f1xx_hal_dma.o
    0x080008ee   0x080008ee   0x00000002   PAD
    0x080008f0   0x080008f0   0x000001a8   Code   RO         2036    i.HAL_DMA_Abort_IT  stm32f1xx_hal_dma.o
    0x08000a98   0x08000a98   0x00000398   Code   RO         2040    i.HAL_DMA_IRQHandler  stm32f1xx_hal_dma.o
    0x08000e30   0x08000e30   0x0000008c   Code   RO         2041    i.HAL_DMA_Init      stm32f1xx_hal_dma.o
    0x08000ebc   0x08000ebc   0x00000024   Code   RO         1655    i.HAL_DeInit        stm32f1xx_hal.o
    0x08000ee0   0x08000ee0   0x000000b0   Code   RO         2489    i.HAL_FLASHEx_Erase  stm32f1xx_hal_flash_ex.o
    0x08000f90   0x08000f90   0x00000014   Code   RO         2382    i.HAL_FLASH_Lock    stm32f1xx_hal_flash.o
    0x08000fa4   0x08000fa4   0x000000b0   Code   RO         2387    i.HAL_FLASH_Program  stm32f1xx_hal_flash.o
    0x08001054   0x08001054   0x00000030   Code   RO         2389    i.HAL_FLASH_Unlock  stm32f1xx_hal_flash.o
    0x08001084   0x08001084   0x00000340   Code   RO         1971    i.HAL_GPIO_Init     stm32f1xx_hal_gpio.o
    0x080013c4   0x080013c4   0x00000014   Code   RO         1974    i.HAL_GPIO_TogglePin  stm32f1xx_hal_gpio.o
    0x080013d8   0x080013d8   0x0000000c   Code   RO         1975    i.HAL_GPIO_WritePin  stm32f1xx_hal_gpio.o
    0x080013e4   0x080013e4   0x0000000c   Code   RO         1660    i.HAL_GetTick       stm32f1xx_hal.o
    0x080013f0   0x080013f0   0x00000018   Code   RO         1666    i.HAL_IncTick       stm32f1xx_hal.o
    0x08001408   0x08001408   0x00000028   Code   RO         1667    i.HAL_Init          stm32f1xx_hal.o
    0x08001430   0x08001430   0x000000b4   Code   RO          590    i.HAL_InitTick      stm32f1xx_hal_timebase_tim.o
    0x080014e4   0x080014e4   0x00000002   Code   RO         1669    i.HAL_MspDeInit     stm32f1xx_hal.o
    0x080014e6   0x080014e6   0x00000002   PAD
    0x080014e8   0x080014e8   0x00000060   Code   RO          566    i.HAL_MspInit       stm32f1xx_hal_msp.o
    0x08001548   0x08001548   0x00000020   Code   RO         2131    i.HAL_NVIC_EnableIRQ  stm32f1xx_hal_cortex.o
    0x08001568   0x08001568   0x0000007c   Code   RO         2137    i.HAL_NVIC_SetPriority  stm32f1xx_hal_cortex.o
    0x080015e4   0x080015e4   0x00000028   Code   RO         2138    i.HAL_NVIC_SetPriorityGrouping  stm32f1xx_hal_cortex.o
    0x0800160c   0x0800160c   0x0000018c   Code   RO         1824    i.HAL_RCC_ClockConfig  stm32f1xx_hal_rcc.o
    0x08001798   0x08001798   0x00000044   Code   RO         1828    i.HAL_RCC_GetClockConfig  stm32f1xx_hal_rcc.o
    0x080017dc   0x080017dc   0x0000000c   Code   RO         1829    i.HAL_RCC_GetHCLKFreq  stm32f1xx_hal_rcc.o
    0x080017e8   0x080017e8   0x00000020   Code   RO         1831    i.HAL_RCC_GetPCLK1Freq  stm32f1xx_hal_rcc.o
    0x08001808   0x08001808   0x00000020   Code   RO         1832    i.HAL_RCC_GetPCLK2Freq  stm32f1xx_hal_rcc.o
    0x08001828   0x08001828   0x00000070   Code   RO         1833    i.HAL_RCC_GetSysClockFreq  stm32f1xx_hal_rcc.o
    0x08001898   0x08001898   0x00000464   Code   RO         1836    i.HAL_RCC_OscConfig  stm32f1xx_hal_rcc.o
    0x08001cfc   0x08001cfc   0x00000002   Code   RO         1382    i.HAL_TIMEx_BreakCallback  stm32f1xx_hal_tim_ex.o
    0x08001cfe   0x08001cfe   0x00000002   Code   RO         1383    i.HAL_TIMEx_CommutCallback  stm32f1xx_hal_tim_ex.o
    0x08001d00   0x08001d00   0x00000066   Code   RO          667    i.HAL_TIM_Base_Init  stm32f1xx_hal_tim.o
    0x08001d66   0x08001d66   0x00000002   Code   RO          669    i.HAL_TIM_Base_MspInit  stm32f1xx_hal_tim.o
    0x08001d68   0x08001d68   0x00000090   Code   RO          672    i.HAL_TIM_Base_Start_IT  stm32f1xx_hal_tim.o
    0x08001df8   0x08001df8   0x00000002   Code   RO          701    i.HAL_TIM_IC_CaptureCallback  stm32f1xx_hal_tim.o
    0x08001dfa   0x08001dfa   0x0000016c   Code   RO          715    i.HAL_TIM_IRQHandler  stm32f1xx_hal_tim.o
    0x08001f66   0x08001f66   0x00000002   Code   RO          718    i.HAL_TIM_OC_DelayElapsedCallback  stm32f1xx_hal_tim.o
    0x08001f68   0x08001f68   0x00000002   Code   RO          745    i.HAL_TIM_PWM_PulseFinishedCallback  stm32f1xx_hal_tim.o
    0x08001f6a   0x08001f6a   0x00000002   PAD
    0x08001f6c   0x08001f6c   0x00000018   Code   RO           14    i.HAL_TIM_PeriodElapsedCallback  main.o
    0x08001f84   0x08001f84   0x00000002   Code   RO          758    i.HAL_TIM_TriggerCallback  stm32f1xx_hal_tim.o
    0x08001f86   0x08001f86   0x00000128   Code   RO         2666    i.HAL_UARTEx_ReceiveToIdle  stm32f1xx_hal_uart.o
    0x080020ae   0x080020ae   0x00000072   Code   RO         2668    i.HAL_UARTEx_ReceiveToIdle_IT  stm32f1xx_hal_uart.o
    0x08002120   0x08002120   0x0000009c   Code   RO         4876    i.HAL_UARTEx_RxEventCallback  int_bootloader.o
    0x080021bc   0x080021bc   0x00000002   Code   RO         2683    i.HAL_UART_ErrorCallback  stm32f1xx_hal_uart.o
    0x080021be   0x080021be   0x00000002   PAD
    0x080021c0   0x080021c0   0x000002e4   Code   RO         2686    i.HAL_UART_IRQHandler  stm32f1xx_hal_uart.o
    0x080024a4   0x080024a4   0x00000076   Code   RO         2687    i.HAL_UART_Init     stm32f1xx_hal_uart.o
    0x0800251a   0x0800251a   0x00000002   PAD
    0x0800251c   0x0800251c   0x00000108   Code   RO          437    i.HAL_UART_MspInit  usart.o
    0x08002624   0x08002624   0x00000002   Code   RO         2693    i.HAL_UART_RxCpltCallback  stm32f1xx_hal_uart.o
    0x08002626   0x08002626   0x000000be   Code   RO         2695    i.HAL_UART_Transmit  stm32f1xx_hal_uart.o
    0x080026e4   0x080026e4   0x00000002   Code   RO         2698    i.HAL_UART_TxCpltCallback  stm32f1xx_hal_uart.o
    0x080026e6   0x080026e6   0x00000004   Code   RO          488    i.HardFault_Handler  stm32f1xx_it.o
    0x080026ea   0x080026ea   0x00000036   Code   RO         4958    i.Int_bootloader_erase_flash  app_bootloader.o
    0x08002720   0x08002720   0x000000e8   Code   RO         4877    i.Int_bootloader_jump_to_app  int_bootloader.o
    0x08002808   0x08002808   0x0000004c   Code   RO         4878    i.Int_bootloader_receive_app  int_bootloader.o
    0x08002854   0x08002854   0x00000078   Code   RO         4879    i.Int_flash_erase   int_bootloader.o
    0x080028cc   0x080028cc   0x000000b4   Code   RO         4880    i.Int_flash_write_halfword  int_bootloader.o
    0x08002980   0x08002980   0x0000005c   Code   RO         4881    i.Int_flash_write_with_last  int_bootloader.o
    0x080029dc   0x080029dc   0x00000054   Code   RO         4882    i.Int_flash_write_without_last  int_bootloader.o
    0x08002a30   0x08002a30   0x00000044   Code   RO          409    i.MX_DMA_Init       dma.o
    0x08002a74   0x08002a74   0x0000006c   Code   RO          310    i.MX_FREERTOS_Init  freertos.o
    0x08002ae0   0x08002ae0   0x0000008c   Code   RO          202    i.MX_GPIO_Init      gpio.o
    0x08002b6c   0x08002b6c   0x00000038   Code   RO          438    i.MX_UART4_Init     usart.o
    0x08002ba4   0x08002ba4   0x00000004   Code   RO          489    i.MemManage_Handler  stm32f1xx_it.o
    0x08002ba8   0x08002ba8   0x00000004   Code   RO          490    i.NMI_Handler       stm32f1xx_it.o
    0x08002bac   0x08002bac   0x00000028   Code   RO         1837    i.RCC_Delay         stm32f1xx_hal_rcc.o
    0x08002bd4   0x08002bd4   0x00000010   Code   RO          311    i.StartDefaultTask  freertos.o
    0x08002be4   0x08002be4   0x00000016   Code   RO         4211    i.SysTick_Handler   cmsis_os2.o
    0x08002bfa   0x08002bfa   0x00000050   Code   RO           15    i.SystemClock_Config  main.o
    0x08002c4a   0x08002c4a   0x00000002   Code   RO         3031    i.SystemInit        system_stm32f1xx.o
    0x08002c4c   0x08002c4c   0x00000010   Code   RO          491    i.TIM7_IRQHandler   stm32f1xx_it.o
    0x08002c5c   0x08002c5c   0x000000ac   Code   RO          760    i.TIM_Base_SetConfig  stm32f1xx_hal_tim.o
    0x08002d08   0x08002d08   0x00000010   Code   RO          492    i.UART4_IRQHandler  stm32f1xx_it.o
    0x08002d18   0x08002d18   0x00000014   Code   RO         2700    i.UART_DMAAbortOnError  stm32f1xx_hal_uart.o
    0x08002d2c   0x08002d2c   0x0000006c   Code   RO         2710    i.UART_EndRxTransfer  stm32f1xx_hal_uart.o
    0x08002d98   0x08002d98   0x00000020   Code   RO         2711    i.UART_EndTransmit_IT  stm32f1xx_hal_uart.o
    0x08002db8   0x08002db8   0x000000fc   Code   RO         2713    i.UART_Receive_IT   stm32f1xx_hal_uart.o
    0x08002eb4   0x08002eb4   0x000000fc   Code   RO         2714    i.UART_SetConfig    stm32f1xx_hal_uart.o
    0x08002fb0   0x08002fb0   0x00000040   Code   RO         2716    i.UART_Start_Receive_IT  stm32f1xx_hal_uart.o
    0x08002ff0   0x08002ff0   0x00000060   Code   RO         2717    i.UART_Transmit_IT  stm32f1xx_hal_uart.o
    0x08003050   0x08003050   0x0000008c   Code   RO         2718    i.UART_WaitOnFlagUntilTimeout  stm32f1xx_hal_uart.o
    0x080030dc   0x080030dc   0x00000004   Code   RO          493    i.UsageFault_Handler  stm32f1xx_it.o
    0x080030e0   0x080030e0   0x00000020   Code   RO         5239    i.__0printf$8       mc_w.l(printf8.o)
    0x08003100   0x08003100   0x0000003c   Code   RO         4883    i.__NVIC_DisableIRQ  int_bootloader.o
    0x0800313c   0x0800313c   0x00000010   Code   RO         2144    i.__NVIC_GetPriorityGrouping  stm32f1xx_hal_cortex.o
    0x0800314c   0x0800314c   0x00000028   Code   RO         2145    i.__NVIC_SetPriority  stm32f1xx_hal_cortex.o
    0x08003174   0x08003174   0x00000008   Code   RO         5316    i.__aeabi_errno_addr  mc_w.l(errno.o)
    0x0800317c   0x0800317c   0x00000006   Code   RO         4213    i.__get_IPSR        cmsis_os2.o
    0x08003182   0x08003182   0x0000000e   Code   RO         5378    i.__scatterload_copy  mc_w.l(handlers.o)
    0x08003190   0x08003190   0x00000002   Code   RO         5379    i.__scatterload_null  mc_w.l(handlers.o)
    0x08003192   0x08003192   0x0000000e   Code   RO         5380    i.__scatterload_zeroinit  mc_w.l(handlers.o)
    0x080031a0   0x080031a0   0x00000404   Code   RO         5246    i._printf_core      mc_w.l(printf8.o)
    0x080035a4   0x080035a4   0x00000024   Code   RO         5247    i._printf_post_padding  mc_w.l(printf8.o)
    0x080035c8   0x080035c8   0x0000002e   Code   RO         5248    i._printf_pre_padding  mc_w.l(printf8.o)
    0x080035f6   0x080035f6   0x00000002   PAD
    0x080035f8   0x080035f8   0x0000001c   Code   RO          439    i.fputc             usart.o
    0x08003614   0x08003614   0x00000020   Code   RO          312    i.led               freertos.o
    0x08003634   0x08003634   0x0000002e   Code   RO           16    i.main              main.o
    0x08003662   0x08003662   0x0000001e   Code   RO         4214    i.osDelay           cmsis_os2.o
    0x08003680   0x08003680   0x0000002c   Code   RO         4228    i.osKernelInitialize  cmsis_os2.o
    0x080036ac   0x080036ac   0x00000060   Code   RO         4231    i.osKernelStart     cmsis_os2.o
    0x0800370c   0x0800370c   0x000000b8   Code   RO         4273    i.osThreadNew       cmsis_os2.o
    0x080037c4   0x080037c4   0x0000007c   Code   RO         3648    i.prvAddCurrentTaskToDelayedList  tasks.o
    0x08003840   0x08003840   0x000000b8   Code   RO         3649    i.prvAddNewTaskToReadyList  tasks.o
    0x080038f8   0x080038f8   0x00000074   Code   RO         4024    i.prvCheckForValidListAndQueue  timers.o
    0x0800396c   0x0800396c   0x00000048   Code   RO         3650    i.prvCheckTasksWaitingTermination  tasks.o
    0x080039b4   0x080039b4   0x0000002a   Code   RO         3235    i.prvCopyDataFromQueue  queue.o
    0x080039de   0x080039de   0x0000007e   Code   RO         3236    i.prvCopyDataToQueue  queue.o
    0x08003a5c   0x08003a5c   0x00000050   Code   RO         3651    i.prvDeleteTCB      tasks.o
    0x08003aac   0x08003aac   0x00000028   Code   RO         4025    i.prvGetNextExpireTime  timers.o
    0x08003ad4   0x08003ad4   0x0000007c   Code   RO         4741    i.prvHeapInit       heap_4.o
    0x08003b50   0x08003b50   0x00000028   Code   RO         3652    i.prvIdleTask       tasks.o
    0x08003b78   0x08003b78   0x0000002a   Code   RO         3239    i.prvInitialiseNewQueue  queue.o
    0x08003ba2   0x08003ba2   0x000000be   Code   RO         3653    i.prvInitialiseNewTask  tasks.o
    0x08003c60   0x08003c60   0x00000068   Code   RO         3654    i.prvInitialiseTaskLists  tasks.o
    0x08003cc8   0x08003cc8   0x00000068   Code   RO         4742    i.prvInsertBlockIntoFreeList  heap_4.o
    0x08003d30   0x08003d30   0x00000058   Code   RO         4027    i.prvInsertTimerInActiveList  timers.o
    0x08003d88   0x08003d88   0x0000001a   Code   RO         3240    i.prvIsQueueEmpty   queue.o
    0x08003da2   0x08003da2   0x0000001e   Code   RO         3241    i.prvIsQueueFull    queue.o
    0x08003dc0   0x08003dc0   0x00000074   Code   RO         4028    i.prvProcessExpiredTimer  timers.o
    0x08003e34   0x08003e34   0x00000164   Code   RO         4029    i.prvProcessReceivedCommands  timers.o
    0x08003f98   0x08003f98   0x00000074   Code   RO         4030    i.prvProcessTimerOrBlockTask  timers.o
    0x0800400c   0x0800400c   0x00000034   Code   RO         3656    i.prvResetNextTaskUnblockTime  tasks.o
    0x08004040   0x08004040   0x0000002c   Code   RO         4031    i.prvSampleTimeNow  timers.o
    0x0800406c   0x0800406c   0x000000a4   Code   RO         4032    i.prvSwitchTimerLists  timers.o
    0x08004110   0x08004110   0x00000040   Code   RO         4797    i.prvTaskExitError  port.o
    0x08004150   0x08004150   0x0000001a   Code   RO         4033    i.prvTimerTask      timers.o
    0x0800416a   0x0800416a   0x0000007e   Code   RO         3242    i.prvUnlockQueue    queue.o
    0x080041e8   0x080041e8   0x0000014c   Code   RO         4743    i.pvPortMalloc      heap_4.o
    0x08004334   0x08004334   0x00000024   Code   RO         4798    i.pxPortInitialiseStack  port.o
    0x08004358   0x08004358   0x0000000a   Code   RO          313    i.uart_rx           freertos.o
    0x08004362   0x08004362   0x0000000a   Code   RO          314    i.uart_tx           freertos.o
    0x0800436c   0x0800436c   0x00000028   Code   RO         3195    i.uxListRemove      list.o
    0x08004394   0x08004394   0x00000018   Code   RO         4285    i.vApplicationGetIdleTaskMemory  cmsis_os2.o
    0x080043ac   0x080043ac   0x00000018   Code   RO         4286    i.vApplicationGetTimerTaskMemory  cmsis_os2.o
    0x080043c4   0x080043c4   0x0000001a   Code   RO         3196    i.vListInitialise   list.o
    0x080043de   0x080043de   0x00000006   Code   RO         3197    i.vListInitialiseItem  list.o
    0x080043e4   0x080043e4   0x00000034   Code   RO         3198    i.vListInsert       list.o
    0x08004418   0x08004418   0x00000018   Code   RO         3199    i.vListInsertEnd    list.o
    0x08004430   0x08004430   0x00000054   Code   RO         4800    i.vPortEnterCritical  port.o
    0x08004484   0x08004484   0x0000003c   Code   RO         4801    i.vPortExitCritical  port.o
    0x080044c0   0x080044c0   0x000000a4   Code   RO         4744    i.vPortFree         heap_4.o
    0x08004564   0x08004564   0x00000028   Code   RO         4802    i.vPortSetupTimerInterrupt  port.o
    0x0800458c   0x0800458c   0x00000078   Code   RO         4803    i.vPortValidateInterruptPriority  port.o
    0x08004604   0x08004604   0x0000002c   Code   RO         3248    i.vQueueAddToRegistry  queue.o
    0x08004630   0x08004630   0x0000004a   Code   RO         3252    i.vQueueWaitForMessageRestricted  queue.o
    0x0800467a   0x0800467a   0x00000002   PAD
    0x0800467c   0x0800467c   0x0000005c   Code   RO         3669    i.vTaskDelay        tasks.o
    0x080046d8   0x080046d8   0x00000018   Code   RO         3674    i.vTaskInternalSetTimeOutState  tasks.o
    0x080046f0   0x080046f0   0x0000000c   Code   RO         3675    i.vTaskMissedYield  tasks.o
    0x080046fc   0x080046fc   0x00000038   Code   RO         3677    i.vTaskPlaceOnEventList  tasks.o
    0x08004734   0x08004734   0x00000040   Code   RO         3678    i.vTaskPlaceOnEventListRestricted  tasks.o
    0x08004774   0x08004774   0x000000b8   Code   RO         3686    i.vTaskStartScheduler  tasks.o
    0x0800482c   0x0800482c   0x00000010   Code   RO         3688    i.vTaskSuspendAll   tasks.o
    0x0800483c   0x0800483c   0x00000090   Code   RO         3689    i.vTaskSwitchContext  tasks.o
    0x080048cc   0x080048cc   0x000000f8   Code   RO         4804    i.xPortStartScheduler  port.o
    0x080049c4   0x080049c4   0x00000034   Code   RO         4805    i.xPortSysTickHandler  port.o
    0x080049f8   0x080049f8   0x000000e0   Code   RO         3258    i.xQueueGenericCreateStatic  queue.o
    0x08004ad8   0x08004ad8   0x00000098   Code   RO         3259    i.xQueueGenericReset  queue.o
    0x08004b70   0x08004b70   0x000001a8   Code   RO         3260    i.xQueueGenericSend  queue.o
    0x08004d18   0x08004d18   0x000000fc   Code   RO         3261    i.xQueueGenericSendFromISR  queue.o
    0x08004e14   0x08004e14   0x00000168   Code   RO         3270    i.xQueueReceive     queue.o
    0x08004f7c   0x08004f7c   0x0000008c   Code   RO         3691    i.xTaskCheckForTimeOut  tasks.o
    0x08005008   0x08005008   0x00000064   Code   RO         3692    i.xTaskCreate       tasks.o
    0x0800506c   0x0800506c   0x000000ba   Code   RO         3693    i.xTaskCreateStatic  tasks.o
    0x08005126   0x08005126   0x00000002   PAD
    0x08005128   0x08005128   0x00000020   Code   RO         3697    i.xTaskGetSchedulerState  tasks.o
    0x08005148   0x08005148   0x0000000c   Code   RO         3698    i.xTaskGetTickCount  tasks.o
    0x08005154   0x08005154   0x00000144   Code   RO         3700    i.xTaskIncrementTick  tasks.o
    0x08005298   0x08005298   0x000000a4   Code   RO         3703    i.xTaskPriorityDisinherit  tasks.o
    0x0800533c   0x0800533c   0x00000098   Code   RO         3705    i.xTaskRemoveFromEventList  tasks.o
    0x080053d4   0x080053d4   0x00000104   Code   RO         3706    i.xTaskResumeAll    tasks.o
    0x080054d8   0x080054d8   0x00000078   Code   RO         4042    i.xTimerCreateTimerTask  timers.o
    0x08005550   0x08005550   0x00000084   Code   RO         4043    i.xTimerGenericCommand  timers.o
    0x080055d4   0x080055d4   0x00000090   Data   RO          315    .constdata          freertos.o
    0x08005664   0x08005664   0x00000012   Data   RO         1838    .constdata          stm32f1xx_hal_rcc.o
    0x08005676   0x08005676   0x00000018   Data   RO         3032    .constdata          system_stm32f1xx.o
    0x0800568e   0x0800568e   0x00000081   Data   RO         5343    .constdata          mc_w.l(ctype_o.o)
    0x0800570f   0x0800570f   0x00000001   PAD
    0x08005710   0x08005710   0x00000004   Data   RO         5344    .constdata          mc_w.l(ctype_o.o)
    0x08005714   0x08005714   0x00000037   Data   RO          316    .conststring        freertos.o
    0x0800574b   0x0800574b   0x00000001   PAD
    0x0800574c   0x0800574c   0x00000020   Data   RO         5376    Region$$Table       anon$$obj.o


    Execution Region RW_IRAM1 (Exec base: 0x20000000, Load base: 0x0800576c, Size: 0x00002118, Max: 0x0000c000, ABSOLUTE)

    Exec Addr    Load Addr    Size         Type   Attr      Idx    E Section Name        Object

    0x20000000   0x0800576c   0x00000014   Data   RW          317    .data               freertos.o
    0x20000014   0x08005780   0x00000009   Data   RW         1674    .data               stm32f1xx_hal.o
    0x2000001d   0x08005789   0x00000003   PAD
    0x20000020   0x0800578c   0x00000004   Data   RW         3033    .data               system_stm32f1xx.o
    0x20000024   0x08005790   0x0000003c   Data   RW         3709    .data               tasks.o
    0x20000060   0x080057cc   0x00000014   Data   RW         4051    .data               timers.o
    0x20000074   0x080057e0   0x00000004   Data   RW         4288    .data               cmsis_os2.o
    0x20000078   0x080057e4   0x00000020   Data   RW         4750    .data               heap_4.o
    0x20000098   0x08005804   0x0000000c   Data   RW         4806    .data               port.o
    0x200000a4   0x08005810   0x0000000e   Data   RW         4885    .data               int_bootloader.o
    0x200000b2   0x0800581e   0x00000002   PAD
    0x200000b4   0x08005820   0x00000009   Data   RW         4960    .data               app_bootloader.o
    0x200000bd   0x08005829   0x00000003   PAD
    0x200000c0   0x0800582c   0x00000004   Data   RW         5311    .data               mc_w.l(stdout.o)
    0x200000c4   0x08005830   0x00000004   Data   RW         5319    .data               mc_w.l(errno.o)
    0x200000c8        -       0x000000d0   Zero   RW          440    .bss                usart.o
    0x20000198        -       0x00000048   Zero   RW          593    .bss                stm32f1xx_hal_timebase_tim.o
    0x200001e0        -       0x00000020   Zero   RW         2390    .bss                stm32f1xx_hal_flash.o
    0x20000200        -       0x00000040   Zero   RW         3274    .bss                queue.o
    0x20000240        -       0x000004c4   Zero   RW         3708    .bss                tasks.o
    0x20000704        -       0x00000118   Zero   RW         4050    .bss                timers.o
    0x2000081c        -       0x000006b8   Zero   RW         4287    .bss                cmsis_os2.o
    0x20000ed4        -       0x00000c00   Zero   RW         4749    .bss                heap_4.o
    0x20001ad4        -       0x00000200   Zero   RW         4884    .bss                int_bootloader.o
    0x20001cd4        -       0x00000040   Zero   RW         4959    .bss                app_bootloader.o
    0x20001d14   0x08005834   0x00000004   PAD
    0x20001d18        -       0x00000400   Zero   RW            1    STACK               startup_stm32f103xe.o


==============================================================================

Image component sizes


      Code (inc. data)   RO Data    RW Data    ZI Data      Debug   Object Name

       698        352          0          9         64       5613   app_bootloader.o
       430         38          0          4       1720      59459   cmsis_os2.o
        68          4          0          0          0        854   dma.o
         0          0          0          0          0      19868   event_groups.o
       176         52        199         20          0      14904   freertos.o
       140          8          0          0          0     489775   gpio.o
       724         74          0         32       3072       5071   heap_4.o
      1000        230          0         14        512      10134   int_bootloader.o
       148          0          0          0          0       3726   list.o
       156          6          0          0          0     475492   main.o
       854         78          0         12          0      11525   port.o
      1922         20          0          0         64      17828   queue.o
        36          8        304          0       1024        856   startup_stm32f103xe.o
       114         26          0          9          0       6675   stm32f1xx_hal.o
       252         22          0          0          0      28978   stm32f1xx_hal_cortex.o
      1570         28          0          0          0       3991   stm32f1xx_hal_dma.o
       520         48          0          0         32       4522   stm32f1xx_hal_flash.o
       256         26          0          0          0       2759   stm32f1xx_hal_flash_ex.o
       864         40          0          0          0       3509   stm32f1xx_hal_gpio.o
        96         10          0          0          0        998   stm32f1xx_hal_msp.o
      1816        108         18          0          0       7049   stm32f1xx_hal_rcc.o
       792         44          0          0          0       6822   stm32f1xx_hal_tim.o
         4          0          0          0          0       1701   stm32f1xx_hal_tim_ex.o
       180         22          0          0         72       1619   stm32f1xx_hal_timebase_tim.o
      2428          8          0          0          0      14176   stm32f1xx_hal_uart.o
        86         24          0          0          0       4998   stm32f1xx_it.o
         0          0          0          0          0        392   stream_buffer.o
         2          0         24          4          0       1275   system_stm32f1xx.o
      2808        346          0         60       1220      28066   tasks.o
      1318        124          0         20        280      33675   timers.o
       348         40          0          0        208       2596   usart.o

    ----------------------------------------------------------------------
     19822       1786        578        192       8272    1268906   Object Totals
         0          0         32          0          0          0   (incl. Generated)
        16          0          1          8          4          0   (incl. Padding)

    ----------------------------------------------------------------------

      Code (inc. data)   RO Data    RW Data    ZI Data      Debug   Library Member Name

        28          0          0          0          0         68   _chval.o
       158          0          0          0          0         92   _strtoul.o
        26          0          0          0          0         80   atoi.o
         8          4        133          0          0         68   ctype_o.o
         0          0          0          0          0          0   entry.o
         0          0          0          0          0          0   entry10a.o
         0          0          0          0          0          0   entry11a.o
         4          0          0          0          0          0   entry12b.o
         8          4          0          0          0          0   entry2.o
         4          0          0          0          0          0   entry5.o
         0          0          0          0          0          0   entry7b.o
         0          0          0          0          0          0   entry8b.o
         8          4          0          0          0          0   entry9a.o
         8          4          0          4          0         68   errno.o
        30          0          0          0          0          0   handlers.o
        36          8          0          0          0         68   init.o
        30          0          0          0          0         68   llshl.o
        32          0          0          0          0         68   llushr.o
        36          0          0          0          0         68   memcpya.o
        36          0          0          0          0        108   memseta.o
      1142         54          0          0          0        352   printf8.o
         0          0          0          4          0          0   stdout.o
        36          0          0          0          0         80   strstr.o
       112          0          0          0          0         88   strtol.o
        98          0          0          0          0         92   uldiv.o

    ----------------------------------------------------------------------
      1846         78        134          8          0       1368   Library Totals
         6          0          1          0          0          0   (incl. Padding)

    ----------------------------------------------------------------------

      Code (inc. data)   RO Data    RW Data    ZI Data      Debug   Library Name

      1840         78        133          8          0       1368   mc_w.l

    ----------------------------------------------------------------------
      1846         78        134          8          0       1368   Library Totals

    ----------------------------------------------------------------------

==============================================================================


      Code (inc. data)   RO Data    RW Data    ZI Data      Debug   

     21668       1864        712        200       8272    1260754   Grand Totals
     21668       1864        712        200       8272    1260754   ELF Image Totals
     21668       1864        712        200          0          0   ROM Totals

==============================================================================

    Total RO  Size (Code + RO Data)                22380 (  21.86kB)
    Total RW  Size (RW Data + ZI Data)              8472 (   8.27kB)
    Total ROM Size (Code + RO Data + RW Data)      22580 (  22.05kB)

==============================================================================

